Microchip MPLAB XC8 Compiler V1.44 ()

Linker command line:

-W-3 --edf=C:\Program Files (x86)\Microchip\xc8\v1.44\dat\en_msgs.txt -cs \
  -h+dist/default/production\18F4525.production.sym \
  --cmf=dist/default/production\18F4525.production.cmf -z -Q18F4525 \
  -oC:\Temp\s204.2 -Mdist/default/production/18F4525.production.map -E1 \
  -ver=XC8 -ASTACK=0264h-0f7fh -pstack=STACK -ACODE=00h-0BFFFh \
  -ACONST=00h-0BFFFh -ASMALLCONST=01000h-010FFhx176 \
  -AMEDIUMCONST=01000h-0BFFFh -ACOMRAM=01h-07Fh -AABS1=00h-0F7Fh \
  -ABIGRAM=01h-0F7Fh -ARAM=080h-0FFh,0100h-01FFhx14,0F00h-0F7Fh \
  -ABANK0=080h-0FFh -ABANK1=0100h-01FFh -ABANK2=0200h-02FFh \
  -ABANK3=0300h-03FFh -ABANK4=0400h-04FFh -ABANK5=0500h-05FFh \
  -ABANK6=0600h-06FFh -ABANK7=0700h-07FFh -ABANK8=0800h-08FFh \
  -ABANK9=0900h-09FFh -ABANK10=0A00h-0AFFh -ABANK11=0B00h-0BFFh \
  -ABANK12=0C00h-0CFFh -ABANK13=0D00h-0DFFh -ABANK14=0E00h-0EFFh \
  -ABANK15=0F00h-0F7Fh -ASFR=0F80h-0FFFh \
  -preset_vec=00h,intcode=08h,intcodelo,powerup,init -pramtop=01000h \
  -psmallconst=SMALLCONST -pmediumconst=MEDIUMCONST -pconst=CONST \
  -AFARRAM=00h-00h -ACONFIG=0300000h-030000Dh -pconfig=CONFIG \
  -AIDLOC=0200000h-0200007h -pidloc=IDLOC -AEEDATA=0F00000h-0F003FFh \
  -peeprom_data=EEDATA \
  -prdata=COMRAM,nvrram=COMRAM,nvbit=COMRAM,rbss=COMRAM,rbit=COMRAM \
  -pfarbss=FARRAM,fardata=FARRAM,nvFARRAM=FARRAM \
  -pintsave_regs=BIGRAM,bigbss=BIGRAM,bigdata=BIGRAM -pbss=RAM \
  -pidata=CODE,irdata=CODE,ibigdata=CODE,ifardata=CODE -prparam=COMRAM \
  C:\Temp\s204.obj dist/default/production\18F4525.production.obj 

Object code version is 3.11

Machine type is 18F4525

Call graph: (short form)




                Name                               Link     Load   Length Selector   Space Scale
C:\Temp\s204.obj
                init                                  E        E        4        4       0
                reset_vec                             0        0        4        0       0
                idloc                            200000   200000        8   200000       0
                config                           300000   300000        E   300000       0
dist/default/production\18F4525.production.obj
                eeprom_data                      F00000   F00000        8   F00000       0
                intcode                               8        8        6        4       0
                temp                                 7B       7B        1        1       1
                mediumconst                        B90C     B90C      6F4     5C86       0
                text121                            399E     399E       30        4       0
                text120                            3152     3152       70        4       0
                text119                            3F04     3F04       10        4       0
                text118                            3E68     3E68       14        4       0
                text117                            2F74     2F74       7C        4       0
                intcode_body                       2EF2     2EF2       82        4       0
                text115                            3EF4     3EF4       10        4       0
                text114                            3CDE     3CDE       24        4       0
                text113                            3F5C     3F5C        8        4       0
                text112                            3F54     3F54        8        4       0
                text111                            3F4C     3F4C        8        4       0
                text110                            3F30     3F30        C        4       0
                text109                            3ADC     3ADC       2C        4       0
                text108                            3E3E     3E3E       16        4       0
                text107                            2E70     2E70       82        4       0
                text106                            335A     335A       5E        4       0
                text105                            3A2A     3A2A       2E        4       0
                text104                            3D3E     3D3E       1E        4       0
                text103                            2D60     2D60       8A        4       0
                text102                            2CD0     2CD0       90        4       0
                text101                            37B6     37B6       3C        4       0
                text100                            3EB2     3EB2       12        4       0
                text99                             3BFE     3BFE       28        4       0
                text98                             3CBA     3CBA       24        4       0
                text97                             322C     322C       6A        4       0
                text96                             3EA0     3EA0       12        4       0
                text95                             3C96     3C96       24        4       0
                text94                             3594     3594       4C        4       0
                text93                             3460     3460       50        4       0
                text92                             33B8     33B8       56        4       0
                text91                             32FA     32FA       60        4       0
                text90                             3672     3672       48        4       0
                text89                             30DE     30DE       74        4       0
                text88                             36BA     36BA       44        4       0
                text87                             3906     3906       34        4       0
                text86                             3C4C     3C4C       26        4       0
                text85                             31C2     31C2       6A        4       0
                text84                             2C3C     2C3C       94        4       0
                text83                             3068     3068       76        4       0
                text82                             35E0     35E0       4A        4       0
                text81                             373C     373C       3E        4       0
                text80                             2FF0     2FF0       78        4       0
                text79                             3AB0     3AB0       2C        4       0
                text78                             2BA8     2BA8       94        4       0
                text77                             1750     1750      19A        4       0
                text76                             396C     396C       32        4       0
                text75                             3548     3548       4C        4       0
                text74                              A7E      A7E      2E2        4       0
                text73                             3B5C     3B5C       2A        4       0
                text72                             2DEA     2DEA       86        4       0
                text71                             2834     2834       C8        4       0
                text70                             29B8     29B8       B8        4       0
                text69                             34FC     34FC       4C        4       0
                text68                             25BC     25BC       D8        4       0
                text67                             3BD6     3BD6       28        4       0
                text66                             3BAE     3BAE       28        4       0
                text65                               12       12      780        4       0
                text64                             3B32     3B32       2A        4       0
                text63                             3EE4     3EE4       10        4       0
                text62                             3DE4     3DE4       18        4       0
                text61                             3F22     3F22        E        4       0
                text60                             3E28     3E28       16        4       0
                text59                             3A84     3A84       2C        4       0
                text58                             3E12     3E12       16        4       0
                text57                             3DCC     3DCC       18        4       0
                text56                             38D2     38D2       34        4       0
                text55                             39FC     39FC       2E        4       0
                text54                             3E8E     3E8E       12        4       0
                text53                             3D20     3D20       1E        4       0
                text52                             2B0C     2B0C       9C        4       0
                text51                             377A     377A       3C        4       0
                text50                             3DB0     3DB0       1C        4       0
                text49                             3864     3864       38        4       0
                text48                             3C72     3C72       24        4       0
                text47                             382C     382C       38        4       0
                text46                             1E52     1E52      126        4       0
                text45                             3D02     3D02       1E        4       0
                text44                             3D94     3D94       1C        4       0
                text43                             3C26     3C26       26        4       0
                text42                             37F2     37F2       3A        4       0
                text41                             39CE     39CE       2E        4       0
                text40                             3A58     3A58       2C        4       0
                text39                             389C     389C       36        4       0
                text38                             3F44     3F44        8        4       0
                text37                              792      792      2EC        4       0
                text36                             13F8     13F8      1B4        4       0
                text35                             362A     362A       48        4       0
                text34                             3296     3296       64        4       0
                text33                             3F78     3F78        6     1FB6       0
                text32                             1BD0     1BD0      156        4       0
                text31                             123E     123E      1BA        4       0
                text30                             2694     2694       D6        4       0
                text29                             1A74     1A74      15C        4       0
                text28                             15AC     15AC      1A4        4       0
                text27                             2092     2092      116        4       0
                text26                              D60      D60      2D2        4       0
                text25                             1D26     1D26      12C        4       0
                text24                             1032     1032      20C        4       0
                text23                             22B8     22B8      110        4       0
                text22                             1F78     1F78      11A        4       0
                text21                             18EA     18EA      18A        4       0
                text20                             24CE     24CE       EE        4       0
                text19                             21A8     21A8      110        4       0
                text18                             23C8     23C8      106        4       0
                text17                             3E7C     3E7C       12        4       0
                text16                             3DFC     3DFC       16        4       0
                text15                             393A     393A       32        4       0
                text14                             3F72     3F72        6     1FB6       0
                text13                             36FE     36FE       3E        4       0
                text12                             3ED4     3ED4       10        4       0
                text11                             3D78     3D78       1C        4       0
                text10                             34B0     34B0       4C        4       0
                text9                              3D5C     3D5C       1C        4       0
                text8                              28FC     28FC       BC        4       0
                text7                              3B86     3B86       28        4       0
                text6                              3B08     3B08       2A        4       0
                text5                              3F6C     3F6C        6     1FB6       0
                text4                              3EC4     3EC4       10        4       0
                text3                              3F14     3F14        E        4       0
                text2                              276A     276A       CA        4       0
                text1                              3E54     3E54       14        4       0
                text0                              340E     340E       52        4       0
                cstackCOMRAM                          1        1       71        1       1
                cstackBANK0                          FA       FA        4       80       1
                bssBANK2                            200      200       64      200       1
                dataBANK1                           1B1      1B1        8      100       1
                bssBANK1                            100      100       B1      100       1
                dataBANK0                            F3       F3        7       80       1
                bssBANK0                             80       80       73       80       1
                dataCOMRAM                           77       77        4        1       1
                bssCOMRAM                            73       73        4        1       1
                bitbssCOMRAM                        390       72        4        1       1     8
                cinit                              2A70     2A70       9C        4       0
                idataBANK1                         3F3C     3F3C        8        4       0
                idataBANK0                         3F64     3F64        7        4       0
                idataCOMRAM                        3F7E     3F7E        4     1FB6       0

TOTAL           Name                               Link     Load   Length     Space
        CLASS   STACK          

        CLASS   CODE           
                intcode                               8        8        6         0
                init                                  E        E        4         0
                reset_vec                             0        0        4         0
                text121                            399E     399E       30         0
                text120                            3152     3152       70         0
                text119                            3F04     3F04       10         0
                text118                            3E68     3E68       14         0
                text117                            2F74     2F74       7C         0
                intcode_body                       2EF2     2EF2       82         0
                text115                            3EF4     3EF4       10         0
                text114                            3CDE     3CDE       24         0
                text113                            3F5C     3F5C        8         0
                text112                            3F54     3F54        8         0
                text111                            3F4C     3F4C        8         0
                text110                            3F30     3F30        C         0
                text109                            3ADC     3ADC       2C         0
                text108                            3E3E     3E3E       16         0
                text107                            2E70     2E70       82         0
                text106                            335A     335A       5E         0
                text105                            3A2A     3A2A       2E         0
                text104                            3D3E     3D3E       1E         0
                text103                            2D60     2D60       8A         0
                text102                            2CD0     2CD0       90         0
                text101                            37B6     37B6       3C         0
                text100                            3EB2     3EB2       12         0
                text99                             3BFE     3BFE       28         0
                text98                             3CBA     3CBA       24         0
                text97                             322C     322C       6A         0
                text96                             3EA0     3EA0       12         0
                text95                             3C96     3C96       24         0
                text94                             3594     3594       4C         0
                text93                             3460     3460       50         0
                text92                             33B8     33B8       56         0
                text91                             32FA     32FA       60         0
                text90                             3672     3672       48         0
                text89                             30DE     30DE       74         0
                text88                             36BA     36BA       44         0
                text87                             3906     3906       34         0
                text86                             3C4C     3C4C       26         0
                text85                             31C2     31C2       6A         0
                text84                             2C3C     2C3C       94         0
                text83                             3068     3068       76         0
                text82                             35E0     35E0       4A         0
                text81                             373C     373C       3E         0
                text80                             2FF0     2FF0       78         0
                text79                             3AB0     3AB0       2C         0
                text78                             2BA8     2BA8       94         0
                text77                             1750     1750      19A         0
                text76                             396C     396C       32         0
                text75                             3548     3548       4C         0
                text74                              A7E      A7E      2E2         0
                text73                             3B5C     3B5C       2A         0
                text72                             2DEA     2DEA       86         0
                text71                             2834     2834       C8         0
                text70                             29B8     29B8       B8         0
                text69                             34FC     34FC       4C         0
                text68                             25BC     25BC       D8         0
                text67                             3BD6     3BD6       28         0
                text66                             3BAE     3BAE       28         0
                text65                               12       12      780         0
                text64                             3B32     3B32       2A         0
                text63                             3EE4     3EE4       10         0
                text62                             3DE4     3DE4       18         0
                text61                             3F22     3F22        E         0
                text60                             3E28     3E28       16         0
                text59                             3A84     3A84       2C         0
                text58                             3E12     3E12       16         0
                text57                             3DCC     3DCC       18         0
                text56                             38D2     38D2       34         0
                text55                             39FC     39FC       2E         0
                text54                             3E8E     3E8E       12         0
                text53                             3D20     3D20       1E         0
                text52                             2B0C     2B0C       9C         0
                text51                             377A     377A       3C         0
                text50                             3DB0     3DB0       1C         0
                text49                             3864     3864       38         0
                text48                             3C72     3C72       24         0
                text47                             382C     382C       38         0
                text46                             1E52     1E52      126         0
                text45                             3D02     3D02       1E         0
                text44                             3D94     3D94       1C         0
                text43                             3C26     3C26       26         0
                text42                             37F2     37F2       3A         0
                text41                             39CE     39CE       2E         0
                text40                             3A58     3A58       2C         0
                text39                             389C     389C       36         0
                text38                             3F44     3F44        8         0
                text37                              792      792      2EC         0
                text36                             13F8     13F8      1B4         0
                text35                             362A     362A       48         0
                text34                             3296     3296       64         0
                text33                             3F78     3F78        6         0
                text32                             1BD0     1BD0      156         0
                text31                             123E     123E      1BA         0
                text30                             2694     2694       D6         0
                text29                             1A74     1A74      15C         0
                text28                             15AC     15AC      1A4         0
                text27                             2092     2092      116         0
                text26                              D60      D60      2D2         0
                text25                             1D26     1D26      12C         0
                text24                             1032     1032      20C         0
                text23                             22B8     22B8      110         0
                text22                             1F78     1F78      11A         0
                text21                             18EA     18EA      18A         0
                text20                             24CE     24CE       EE         0
                text19                             21A8     21A8      110         0
                text18                             23C8     23C8      106         0
                text17                             3E7C     3E7C       12         0
                text16                             3DFC     3DFC       16         0
                text15                             393A     393A       32         0
                text14                             3F72     3F72        6         0
                text13                             36FE     36FE       3E         0
                text12                             3ED4     3ED4       10         0
                text11                             3D78     3D78       1C         0
                text10                             34B0     34B0       4C         0
                text9                              3D5C     3D5C       1C         0
                text8                              28FC     28FC       BC         0
                text7                              3B86     3B86       28         0
                text6                              3B08     3B08       2A         0
                text5                              3F6C     3F6C        6         0
                text4                              3EC4     3EC4       10         0
                text3                              3F14     3F14        E         0
                text2                              276A     276A       CA         0
                text1                              3E54     3E54       14         0
                text0                              340E     340E       52         0
                cinit                              2A70     2A70       9C         0
                idataBANK1                         3F3C     3F3C        8         0
                idataBANK0                         3F64     3F64        7         0
                idataCOMRAM                        3F7E     3F7E        4         0

        CLASS   CONST          

        CLASS   SMALLCONST     

        CLASS   MEDIUMCONST    
                mediumconst                        B90C     B90C      6F4         0

        CLASS   COMRAM         
                temp                                 7B       7B        1         1
                cstackCOMRAM                          1        1       71         1
                dataCOMRAM                           77       77        4         1
                bssCOMRAM                            73       73        4         1
                bitbssCOMRAM                        390       72        4         1

        CLASS   ABS1           

        CLASS   BIGRAM         

        CLASS   RAM            

        CLASS   BANK0          
                cstackBANK0                          FA       FA        4         1
                dataBANK0                            F3       F3        7         1
                bssBANK0                             80       80       73         1

        CLASS   BANK1          
                dataBANK1                           1B1      1B1        8         1
                bssBANK1                            100      100       B1         1

        CLASS   BANK2          
                bssBANK2                            200      200       64         1

        CLASS   BANK3          

        CLASS   BANK4          

        CLASS   BANK5          

        CLASS   BANK6          

        CLASS   BANK7          

        CLASS   BANK8          

        CLASS   BANK9          

        CLASS   BANK10         

        CLASS   BANK11         

        CLASS   BANK12         

        CLASS   BANK13         

        CLASS   BANK14         

        CLASS   BANK15         

        CLASS   SFR            

        CLASS   FARRAM         

        CLASS   CONFIG         
                config                           300000   300000        E         0

        CLASS   IDLOC          
                idloc                            200000   200000        8         0

        CLASS   EEDATA         
                eeprom_data                      F00000   F00000        8         0



SEGMENTS        Name                           Load    Length   Top    Selector   Space  Class

                reset_vec                      000000  000004  000004         0       0  CODE    
                cstackCOMRAM                   000001  00007B  00007C         1       1  COMRAM  
                intcode                        000008  003F63  003F6B         4       0  CODE    
                bssBANK0                       000080  00007E  0000FE        80       1  BANK0   
                bssBANK1                       000100  0000B9  0001B9       100       1  BANK1   
                bssBANK2                       000200  000064  000264       200       1  BANK2   
                text5                          003F6C  000016  003F82      1FB6       0  CODE    
                mediumconst                    00B90C  0006F4  00C000      5C86       0  MEDIUMCO
                idloc                          200000  000008  200008    200000       0  IDLOC   
                config                         300000  00000E  30000E    300000       0  CONFIG  
                eeprom_data                    F00000  000008  F00008    F00000       0  EEDATA  


UNUSED ADDRESS RANGES

        Name                Unused          Largest block    Delta
        BANK0            0000FE-0000FF                2
        BANK1            0001B9-0001FF               47
        BANK10           000A00-000AFF              100
        BANK11           000B00-000BFF              100
        BANK12           000C00-000CFF              100
        BANK13           000D00-000DFF              100
        BANK14           000E00-000EFF              100
        BANK15           000F00-000F7F               80
        BANK2            000264-0002FF               9C
        BANK3            000300-0003FF              100
        BANK4            000400-0004FF              100
        BANK5            000500-0005FF              100
        BANK6            000600-0006FF              100
        BANK7            000700-0007FF              100
        BANK8            000800-0008FF              100
        BANK9            000900-0009FF              100
        BIGRAM           00007C-00007F                4
                         0000FE-0000FF                2
                         0001B9-0001FF               47
                         000264-000F7F              D1C
        CODE             000004-000007                4
                         003F6B-003F6B                1
                         003F82-00B90B             798A
        COMRAM           00007C-00007F                4
        CONST            000004-000007                4
                         003F6B-003F6B                1
                         003F82-00B90B             798A
        EEDATA           F00008-F003FF              3F8
        MEDIUMCONST      003F6B-003F6B                1
                         003F82-00B90B             798A
        RAM              0000FE-0000FF                2
                         0001B9-0001FF               47
                         000264-000F7F              100
        SFR              000F80-000FFF               80
        SMALLCONST       003F6B-003F6B                1
                         003F82-00B90B              100
        STACK            000264-000F7F              D1C

                                  Symbol Table

?___ftmul                            cstackCOMRAM 000016
?___ftpack                           cstackCOMRAM 000005
?___fttol                            cstackCOMRAM 000025
?___lldiv                            cstackCOMRAM 000005
?___lltoft                           cstackCOMRAM 00000D
?___lmul                             cstackCOMRAM 000005
?___lwdiv                            cstackCOMRAM 000005
?___lwmod                            cstackCOMRAM 00000C
?_bmp280ReadInt16                    cstackCOMRAM 000008
?_bmp280ReadInt32                    cstackCOMRAM 000008
?_bmp280ReadPressure                 cstackCOMRAM 000029
?_bmp280ReadTemp                     cstackCOMRAM 000029
?_rand                               cstackCOMRAM 000011
?_sprintf                            cstackCOMRAM 000005
Cmd7221@adr                          cstackCOMRAM 000008
Cmd7221@i                            cstackCOMRAM 000009
Cmd7221@val                          cstackCOMRAM 000007
DS3231_Read@address                  cstackCOMRAM 000008
DS3231_Read@value                    cstackCOMRAM 000009
DS3231_Write@address                 cstackCOMRAM 000011
DS3231_Write@value                   cstackCOMRAM 000010
EUSART_Read@readValue                cstackCOMRAM 000005
EUSART_Write@txData                  cstackCOMRAM 000005
FillBuf@i                            cstackCOMRAM 000020
FillBuf@type                         cstackCOMRAM 00001F
I2C_Master_Read@a                    cstackCOMRAM 000006
I2C_Master_Read@temp                 cstackCOMRAM 000007
I2C_Master_Write@d                   cstackCOMRAM 000006
PL10                                 text19       002296
PL100                                text80       003058
PL102                                text29       001B92
PL104                                text74       000D46
PL106                                text90       0036B0
PL108                                text71       0028E6
PL110                                text34       0032EC
PL112                                text32       001D08
PL114                                text53       003D30
PL116                                text31       0013E4
PL118                                text36       001590
PL12                                 text31       0013CC
PL120                                text23       0023B8
PL122                                text21       001A58
PL124                                text107      002ECC
PL126                                text37       000A5E
PL128                                text20       0025B2
PL130                                text65       000772
PL132                                text37       000A6A
PL134                                text36       00159A
PL136                                text21       001A62
PL138                                text29       001BA2
PL14                                 text65       000644
PL140                                text22       002078
PL142                                text19       00229E
PL144                                text19       0022A8
PL146                                text65       00077E
PL148                                text32       001D16
PL150                                text28       00173C
PL152                                text27       00219E
PL154                                text19       0022AE
PL156                                text106      0033A4
PL158                                text65       000788
PL16                                 text37       000A40
PL160                                text120      0031BA
PL162                                text77       0018E0
PL164                                text71       0028F4
PL166                                text72       002E5C
PL168                                text28       001746
PL170                                text106      0033AE
PL172                                text102      002D4C
PL174                                text40       003A7A
PL176                                text72       002E66
PL178                                text29       001BAE
PL18                                 text25       001E2A
PL180                                text107      002ED4
PL182                                text107      002EDE
PL184                                text26       001028
PL186                                text25       001E40
PL188                                text76       003994
PL190                                text24       001234
PL192                                text74       000D50
PL194                                text107      002EE8
PL196                                text23       0023BE
PL198                                text32       001D1C
PL2                                  text26       001004
PL20                                 text77       0018B6
PL200                                text102      002D56
PL202                                text74       000D58
PL204                                text22       002082
PL206                                text31       0013EE
PL208                                text30       00275A
PL210                                text29       001BB8
PL212                                text29       001BC2
PL214                                text25       001E4A
PL216                                text21       001A6C
PL218                                text15       003966
PL22                                 text74       000CD0
PL220                                text29       001BCA
PL222                                text68       00268C
PL224                                text22       00208C
PL226                                text59       003AAA
PL228                                text30       002764
PL230                                text36       0015A6
PL232                                text37       000A76
PL24                                 text74       000CF6
PL26                                 text32       001CFC
PL28                                 text74       000D00
PL30                                 text77       0018C2
PL32                                 text18       00248E
PL34                                 text20       0025A8
PL36                                 text65       0006B8
PL38                                 text74       000D24
PL4                                  text21       001A02
PL40                                 text18       00249E
PL42                                 text18       0024AE
PL44                                 text65       0006C4
PL46                                 text2        002822
PL48                                 text18       0024BE
PL50                                 text21       001A26
PL52                                 text74       000D30
PL54                                 text65       0006D6
PL56                                 text65       0006E8
PL58                                 text65       0006FA
PL6                                  text28       001732
PL60                                 text26       001014
PL62                                 text65       000716
PL64                                 text26       00101E
PL66                                 text21       001A32
PL68                                 text21       001A3C
PL70                                 text21       001A46
PL72                                 text31       0013D8
PL74                                 text65       000730
PL76                                 text30       00274C
PL78                                 text21       001A50
PL8                                  text21       001A18
PL80                                 text77       0018CC
PL82                                 text37       000A56
PL84                                 text27       002196
PL86                                 text65       00073C
PL88                                 text65       00074E
PL90                                 text65       000760
PL92                                 text91       00334E
PL94                                 text77       0018D6
PL96                                 text74       000D3C
PL98                                 text2        00282A
RTOS_DeleteTask@i                    cstackCOMRAM 00000D
RTOS_DeleteTask@taskFunc             cstackCOMRAM 000005
RTOS_DispatchTask@function           cstackBANK0  0000FA
RTOS_DispatchTask@i                  cstackBANK0  0000FD
RTOS_DispatchTask@j                  cstackBANK0  0000FC
RTOS_SetTask@i                       cstackCOMRAM 00000D
RTOS_SetTask@taskDelay               cstackCOMRAM 000007
RTOS_SetTask@taskFunc                cstackCOMRAM 000005
RTOS_SetTask@taskPeriod              cstackCOMRAM 000009
Rand_ef@F3504                        dataBANK1    0001B1
Rand_ef@eff                          cstackCOMRAM 00001D
Rand_ef@function                     cstackCOMRAM 00001B
Rand_ef@p_MyFunc                     cstackCOMRAM 000013
Send_Byte_7221@dat                   cstackCOMRAM 000005
Send_Byte_7221@i                     cstackCOMRAM 000006
Update_Matrix@buf                    cstackCOMRAM 000007
Update_Matrix@data                   cstackCOMRAM 000008
Update_Matrix@i                      cstackCOMRAM 00000A
Update_Matrix@j                      cstackCOMRAM 000009
_ACKDT                               (abs)        007E2D
_ACKEN                               (abs)        007E2C
_ADCON0bits                          (abs)        000FC2
_ADCON1bits                          (abs)        000FC1
_ADCON2bits                          (abs)        000FC0
_ADRESH                              (abs)        000FC4
_ADRESL                              (abs)        000FC3
_BAUDCONbits                         (abs)        000FB8
_Cmd7221                             text104      003D3E
_DS3231_Read                         text109      003ADC
_DS3231_Write                        text44       003D94
_DS3231_init                         text17       003E7C
_Dis_Buff                            bssBANK0     0000BE
_EEADR                               (abs)        000FA9
_EECON1bits                          (abs)        000FA6
_EECON2                              (abs)        000FA7
_EEDATA                              (abs)        000FA8
_EUSART_Read                         text40       003A58
_EUSART_Receive_ISR                  text121      00399E
_EUSART_Write                        text39       00389C
_FillBuf                             text74       000A7E
_Font                                mediumconst  00B950
_FontS                               mediumconst  00BF4A
_GetTime                             text34       003296
_I2C_Init                            text16       003DFC
_I2C_Master_Read                     text114      003CDE
_I2C_Master_RepeatedStart            text113      003F5C
_I2C_Master_Start                    text112      003F54
_I2C_Master_Stop                     text111      003F4C
_I2C_Master_Wait                     text115      003EF4
_I2C_Master_Write                    text110      003F30
_INT0_ISR                            text120      003152
_INTCON2                             (abs)        000FF1
_INTCON2bits                         (abs)        000FF1
_INTCONbits                          (abs)        000FF2
_INTERRUPT_InterruptManager          intcode      000008
_Init7221                            text15       00393A
_Interrupt_Init                      text14       003F72
_LATA                                (abs)        000F89
_LATB                                (abs)        000F8A
_LATC                                (abs)        000F8B
_LATCbits                            (abs)        000F8B
_LATD                                (abs)        000F8C
_LATDbits                            (abs)        000F8C
_PEN                                 (abs)        007E2A
_PIE1bits                            (abs)        000F9D
_PIE2bits                            (abs)        000FA0
_PIR1bits                            (abs)        000F9E
_PIR2bits                            (abs)        000FA1
_PORTB                               (abs)        000F81
_PORTCbits                           (abs)        000F82
_PORTDbits                           (abs)        000F83
_Port_Init                           text13       0036FE
_RCEN                                (abs)        007E2B
_RCREG                               (abs)        000FAE
_RCSTAbits                           (abs)        000FAB
_RSEN                                (abs)        007E29
_RTOS_DeleteTask                     text103      002D60
_RTOS_DispatchTask                   text18       0023C8
_RTOS_Init                           text12       003ED4
_RTOS_SetTask                        text102      002CD0
_Rand_ef                             text88       0036BA
_SEN                                 (abs)        007E28
_SPBRG                               (abs)        000FAF
_SPBRGH                              (abs)        000FB0
_SSPADD                              (abs)        000FC8
_SSPBUF                              (abs)        000FC9
_SSPCON1                             (abs)        000FC6
_SSPCON2                             (abs)        000FC5
_SSPSTAT                             (abs)        000FC7
_SYSTEM_Initialize                   text2        00276A
_Send_Byte_7221                      text105      003A2A
_T0CON                               (abs)        000FD5
_T1CONbits                           (abs)        000FCD
_T3CONbits                           (abs)        000FB1
_TMR0                                (abs)        000FD6
_TMR0_ISR                            text119      003F04
_TMR1H                               (abs)        000FCF
_TMR1L                               (abs)        000FCE
_TMR1_ISR                            text118      003E68
_TMR3H                               (abs)        000FB3
_TMR3L                               (abs)        000FB2
_TMR3_ISR                            text117      002F74
_TMRInit                             text11       003D78
_TRISA                               (abs)        000F92
_TRISB                               (abs)        000F93
_TRISC                               (abs)        000F94
_TRISCbits                           (abs)        000F94
_TRISD                               (abs)        000F95
_TRISDbits                           (abs)        000F95
_TSTime                              bssBANK0     000080
_TTime                               bssBANK0     0000DE
_TXIF                                (abs)        007CF4
_TXREG                               (abs)        000FAD
_TXSTAbits                           (abs)        000FAC
_TaskArray                           bssBANK1     000100
_Timer0Interrupt                     bssBANK0     0000BB
_Update_Matrix                       text101      0037B6
__CFG_BOREN$SBORDIS                  (abs)        000000
__CFG_BORV$3                         (abs)        000000
__CFG_CCP2MX$PORTC                   (abs)        000000
__CFG_CP0$OFF                        (abs)        000000
__CFG_CP1$OFF                        (abs)        000000
__CFG_CP2$OFF                        (abs)        000000
__CFG_CPB$OFF                        (abs)        000000
__CFG_CPD$OFF                        (abs)        000000
__CFG_EBTR0$OFF                      (abs)        000000
__CFG_EBTR1$OFF                      (abs)        000000
__CFG_EBTR2$OFF                      (abs)        000000
__CFG_EBTRB$OFF                      (abs)        000000
__CFG_FCMEN$OFF                      (abs)        000000
__CFG_IESO$OFF                       (abs)        000000
__CFG_LPT1OSC$OFF                    (abs)        000000
__CFG_LVP$OFF                        (abs)        000000
__CFG_MCLRE$ON                       (abs)        000000
__CFG_OSC$HSPLL                      (abs)        000000
__CFG_PBADEN$OFF                     (abs)        000000
__CFG_PWRT$ON                        (abs)        000000
__CFG_STVREN$ON                      (abs)        000000
__CFG_WDT$OFF                        (abs)        000000
__CFG_WDTPS$32768                    (abs)        000000
__CFG_WRT0$OFF                       (abs)        000000
__CFG_WRT1$OFF                       (abs)        000000
__CFG_WRT2$OFF                       (abs)        000000
__CFG_WRTB$OFF                       (abs)        000000
__CFG_WRTC$OFF                       (abs)        000000
__CFG_WRTD$OFF                       (abs)        000000
__CFG_XINST$OFF                      (abs)        000000
__HRAM                               (abs)        000000
__Habs1                              abs1         000000
__Hbank0                             bank0        000000
__Hbank1                             bank1        000000
__Hbank10                            bank10       000000
__Hbank11                            bank11       000000
__Hbank12                            bank12       000000
__Hbank13                            bank13       000000
__Hbank14                            bank14       000000
__Hbank15                            bank15       000000
__Hbank2                             bank2        000000
__Hbank3                             bank3        000000
__Hbank4                             bank4        000000
__Hbank5                             bank5        000000
__Hbank6                             bank6        000000
__Hbank7                             bank7        000000
__Hbank8                             bank8        000000
__Hbank9                             bank9        000000
__Hbigbss                            bigbss       000000
__Hbigdata                           bigdata      000000
__Hbigram                            bigram       000000
__HbitbssCOMRAM                      bitbssCOMRAM 000000
__Hbss                               bss          000000
__HbssBANK0                          bssBANK0     000000
__HbssBANK1                          bssBANK1     000000
__HbssBANK2                          bssBANK2     000000
__HbssCOMRAM                         bssCOMRAM    000000
__Hcinit                             cinit        000000
__Hclrtext                           clrtext      000000
__Hcomram                            comram       000000
__Hconfig                            config       30000E
__Hconst                             const        000000
__HcstackBANK0                       cstackBANK0  000000
__HcstackCOMRAM                      cstackCOMRAM 000000
__Hdata                              data         000000
__HdataBANK0                         dataBANK0    000000
__HdataBANK1                         dataBANK1    000000
__HdataCOMRAM                        dataCOMRAM   000000
__Heeprom_data                       eeprom_data  F00008
__Hfarbss                            farbss       000000
__Hfardata                           fardata      000000
__Hibigdata                          ibigdata     000000
__Hidata                             idata        000000
__HidataBANK0                        idataBANK0   000000
__HidataBANK1                        idataBANK1   000000
__HidataCOMRAM                       idataCOMRAM  000000
__Hidloc                             idloc        200008
__Hifardata                          ifardata     000000
__Hinit                              init         000012
__Hintcode                           intcode      00000E
__Hintcode_body                      intcode_body 000000
__Hintcodelo                         intcodelo    00000E
__Hintentry                          intentry     000000
__Hintret                            intret       000000
__Hintsave_regs                      intsave_regs 000000
__Hirdata                            irdata       000000
__Hmediumconst                       mediumconst  00C000
__HnvFARRAM                          nvFARRAM     000000
__Hnvbit                             nvbit        000000
__Hnvrram                            nvrram       000000
__Hpa_nodes0                         pa_nodes0    000000
__Hparam                             rparam       000000
__Hpowerup                           powerup      00000E
__Hram                               ram          000000
__Hramtop                            ramtop       001000
__Hrbit                              rbit         000000
__Hrbss                              rbss         000000
__Hrdata                             rdata        000000
__Hreset_vec                         reset_vec    000004
__Hrparam                            rparam       000000
__Hsfr                               sfr          000000
__Hsmallconst                        smallconst   000000
__Hspace_0                           (abs)        F00008
__Hspace_1                           (abs)        000394
__Hspace_2                           (abs)        000000
__Hstack                             stack        000000
__Hstruct                            struct       000000
__Htemp                              temp         00007C
__Htext                              text         000000
__Htext0                             text0        000000
__Htext1                             text1        000000
__Htext10                            text10       000000
__Htext100                           text100      000000
__Htext101                           text101      000000
__Htext102                           text102      000000
__Htext103                           text103      000000
__Htext104                           text104      000000
__Htext105                           text105      000000
__Htext106                           text106      000000
__Htext107                           text107      000000
__Htext108                           text108      000000
__Htext109                           text109      000000
__Htext11                            text11       000000
__Htext110                           text110      000000
__Htext111                           text111      000000
__Htext112                           text112      000000
__Htext113                           text113      000000
__Htext114                           text114      000000
__Htext115                           text115      000000
__Htext117                           text117      000000
__Htext118                           text118      000000
__Htext119                           text119      000000
__Htext12                            text12       000000
__Htext120                           text120      000000
__Htext121                           text121      000000
__Htext122                           text122      000000
__Htext13                            text13       000000
__Htext14                            text14       000000
__Htext15                            text15       000000
__Htext16                            text16       000000
__Htext17                            text17       000000
__Htext18                            text18       000000
__Htext19                            text19       000000
__Htext2                             text2        000000
__Htext20                            text20       000000
__Htext21                            text21       000000
__Htext22                            text22       000000
__Htext23                            text23       000000
__Htext24                            text24       000000
__Htext25                            text25       000000
__Htext26                            text26       000000
__Htext27                            text27       000000
__Htext28                            text28       000000
__Htext29                            text29       000000
__Htext3                             text3        000000
__Htext30                            text30       000000
__Htext31                            text31       000000
__Htext32                            text32       000000
__Htext33                            text33       000000
__Htext34                            text34       000000
__Htext35                            text35       000000
__Htext36                            text36       000000
__Htext37                            text37       000000
__Htext38                            text38       000000
__Htext39                            text39       000000
__Htext4                             text4        000000
__Htext40                            text40       000000
__Htext41                            text41       000000
__Htext42                            text42       000000
__Htext43                            text43       000000
__Htext44                            text44       000000
__Htext45                            text45       000000
__Htext46                            text46       000000
__Htext47                            text47       000000
__Htext48                            text48       000000
__Htext49                            text49       000000
__Htext5                             text5        000000
__Htext50                            text50       000000
__Htext51                            text51       000000
__Htext52                            text52       000000
__Htext53                            text53       000000
__Htext54                            text54       000000
__Htext55                            text55       000000
__Htext56                            text56       000000
__Htext57                            text57       000000
__Htext58                            text58       000000
__Htext59                            text59       000000
__Htext6                             text6        000000
__Htext60                            text60       000000
__Htext61                            text61       000000
__Htext62                            text62       000000
__Htext63                            text63       000000
__Htext64                            text64       000000
__Htext65                            text65       000000
__Htext66                            text66       000000
__Htext67                            text67       000000
__Htext68                            text68       000000
__Htext69                            text69       000000
__Htext7                             text7        000000
__Htext70                            text70       000000
__Htext71                            text71       000000
__Htext72                            text72       000000
__Htext73                            text73       000000
__Htext74                            text74       000000
__Htext75                            text75       000000
__Htext76                            text76       000000
__Htext77                            text77       000000
__Htext78                            text78       000000
__Htext79                            text79       000000
__Htext8                             text8        000000
__Htext80                            text80       000000
__Htext81                            text81       000000
__Htext82                            text82       000000
__Htext83                            text83       000000
__Htext84                            text84       000000
__Htext85                            text85       000000
__Htext86                            text86       000000
__Htext87                            text87       000000
__Htext88                            text88       000000
__Htext89                            text89       000000
__Htext9                             text9        000000
__Htext90                            text90       000000
__Htext91                            text91       000000
__Htext92                            text92       000000
__Htext93                            text93       000000
__Htext94                            text94       000000
__Htext95                            text95       000000
__Htext96                            text96       000000
__Htext97                            text97       000000
__Htext98                            text98       000000
__Htext99                            text99       000000
__LRAM                               (abs)        000001
__Labs1                              abs1         000000
__Lbank0                             bank0        000000
__Lbank1                             bank1        000000
__Lbank10                            bank10       000000
__Lbank11                            bank11       000000
__Lbank12                            bank12       000000
__Lbank13                            bank13       000000
__Lbank14                            bank14       000000
__Lbank15                            bank15       000000
__Lbank2                             bank2        000000
__Lbank3                             bank3        000000
__Lbank4                             bank4        000000
__Lbank5                             bank5        000000
__Lbank6                             bank6        000000
__Lbank7                             bank7        000000
__Lbank8                             bank8        000000
__Lbank9                             bank9        000000
__Lbigbss                            bigbss       000000
__Lbigdata                           bigdata      000000
__Lbigram                            bigram       000000
__LbitbssCOMRAM                      bitbssCOMRAM 000000
__Lbss                               bss          000000
__LbssBANK0                          bssBANK0     000000
__LbssBANK1                          bssBANK1     000000
__LbssBANK2                          bssBANK2     000000
__LbssCOMRAM                         bssCOMRAM    000000
__Lcinit                             cinit        000000
__Lclrtext                           clrtext      000000
__Lcomram                            comram       000000
__Lconfig                            config       300000
__Lconst                             const        000000
__LcstackBANK0                       cstackBANK0  000000
__LcstackCOMRAM                      cstackCOMRAM 000000
__Ldata                              data         000000
__LdataBANK0                         dataBANK0    000000
__LdataBANK1                         dataBANK1    000000
__LdataCOMRAM                        dataCOMRAM   000000
__Leeprom_data                       eeprom_data  F00000
__Lfarbss                            farbss       000000
__Lfardata                           fardata      000000
__Libigdata                          ibigdata     000000
__Lidata                             idata        000000
__LidataBANK0                        idataBANK0   000000
__LidataBANK1                        idataBANK1   000000
__LidataCOMRAM                       idataCOMRAM  000000
__Lidloc                             idloc        200000
__Lifardata                          ifardata     000000
__Linit                              init         00000E
__Lintcode                           intcode      000008
__Lintcode_body                      intcode_body 000000
__Lintcodelo                         intcodelo    00000E
__Lintentry                          intentry     000000
__Lintret                            intret       000000
__Lintsave_regs                      intsave_regs 000000
__Lirdata                            irdata       000000
__Lmediumconst                       mediumconst  00B90C
__LnvFARRAM                          nvFARRAM     000000
__Lnvbit                             nvbit        000000
__Lnvrram                            nvrram       000000
__Lpa_nodes0                         pa_nodes0    000000
__Lparam                             rparam       000000
__Lpowerup                           powerup      00000E
__Lram                               ram          000000
__Lramtop                            ramtop       001000
__Lrbit                              rbit         000000
__Lrbss                              rbss         000000
__Lrdata                             rdata        000000
__Lreset_vec                         reset_vec    000000
__Lrparam                            rparam       000000
__Lsfr                               sfr          000000
__Lsmallconst                        smallconst   000000
__Lspace_0                           (abs)        000000
__Lspace_1                           (abs)        000000
__Lspace_2                           (abs)        000000
__Lstack                             stack        000000
__Lstruct                            struct       000000
__Ltemp                              temp         00007B
__Ltext                              text         000000
__Ltext0                             text0        000000
__Ltext1                             text1        000000
__Ltext10                            text10       000000
__Ltext100                           text100      000000
__Ltext101                           text101      000000
__Ltext102                           text102      000000
__Ltext103                           text103      000000
__Ltext104                           text104      000000
__Ltext105                           text105      000000
__Ltext106                           text106      000000
__Ltext107                           text107      000000
__Ltext108                           text108      000000
__Ltext109                           text109      000000
__Ltext11                            text11       000000
__Ltext110                           text110      000000
__Ltext111                           text111      000000
__Ltext112                           text112      000000
__Ltext113                           text113      000000
__Ltext114                           text114      000000
__Ltext115                           text115      000000
__Ltext117                           text117      000000
__Ltext118                           text118      000000
__Ltext119                           text119      000000
__Ltext12                            text12       000000
__Ltext120                           text120      000000
__Ltext121                           text121      000000
__Ltext122                           text122      000000
__Ltext13                            text13       000000
__Ltext14                            text14       000000
__Ltext15                            text15       000000
__Ltext16                            text16       000000
__Ltext17                            text17       000000
__Ltext18                            text18       000000
__Ltext19                            text19       000000
__Ltext2                             text2        000000
__Ltext20                            text20       000000
__Ltext21                            text21       000000
__Ltext22                            text22       000000
__Ltext23                            text23       000000
__Ltext24                            text24       000000
__Ltext25                            text25       000000
__Ltext26                            text26       000000
__Ltext27                            text27       000000
__Ltext28                            text28       000000
__Ltext29                            text29       000000
__Ltext3                             text3        000000
__Ltext30                            text30       000000
__Ltext31                            text31       000000
__Ltext32                            text32       000000
__Ltext33                            text33       000000
__Ltext34                            text34       000000
__Ltext35                            text35       000000
__Ltext36                            text36       000000
__Ltext37                            text37       000000
__Ltext38                            text38       000000
__Ltext39                            text39       000000
__Ltext4                             text4        000000
__Ltext40                            text40       000000
__Ltext41                            text41       000000
__Ltext42                            text42       000000
__Ltext43                            text43       000000
__Ltext44                            text44       000000
__Ltext45                            text45       000000
__Ltext46                            text46       000000
__Ltext47                            text47       000000
__Ltext48                            text48       000000
__Ltext49                            text49       000000
__Ltext5                             text5        000000
__Ltext50                            text50       000000
__Ltext51                            text51       000000
__Ltext52                            text52       000000
__Ltext53                            text53       000000
__Ltext54                            text54       000000
__Ltext55                            text55       000000
__Ltext56                            text56       000000
__Ltext57                            text57       000000
__Ltext58                            text58       000000
__Ltext59                            text59       000000
__Ltext6                             text6        000000
__Ltext60                            text60       000000
__Ltext61                            text61       000000
__Ltext62                            text62       000000
__Ltext63                            text63       000000
__Ltext64                            text64       000000
__Ltext65                            text65       000000
__Ltext66                            text66       000000
__Ltext67                            text67       000000
__Ltext68                            text68       000000
__Ltext69                            text69       000000
__Ltext7                             text7        000000
__Ltext70                            text70       000000
__Ltext71                            text71       000000
__Ltext72                            text72       000000
__Ltext73                            text73       000000
__Ltext74                            text74       000000
__Ltext75                            text75       000000
__Ltext76                            text76       000000
__Ltext77                            text77       000000
__Ltext78                            text78       000000
__Ltext79                            text79       000000
__Ltext8                             text8        000000
__Ltext80                            text80       000000
__Ltext81                            text81       000000
__Ltext82                            text82       000000
__Ltext83                            text83       000000
__Ltext84                            text84       000000
__Ltext85                            text85       000000
__Ltext86                            text86       000000
__Ltext87                            text87       000000
__Ltext88                            text88       000000
__Ltext89                            text89       000000
__Ltext9                             text9        000000
__Ltext90                            text90       000000
__Ltext91                            text91       000000
__Ltext92                            text92       000000
__Ltext93                            text93       000000
__Ltext94                            text94       000000
__Ltext95                            text95       000000
__Ltext96                            text96       000000
__Ltext97                            text97       000000
__Ltext98                            text98       000000
__Ltext99                            text99       000000
__S0                                 (abs)        F00008
__S1                                 (abs)        000264
__S2                                 (abs)        000000
___ftmul                             text71       002834
___ftmul@cntr                        cstackCOMRAM 000023
___ftmul@exp                         cstackCOMRAM 00001F
___ftmul@f1                          cstackCOMRAM 000016
___ftmul@f2                          cstackCOMRAM 000019
___ftmul@f3_as_product               cstackCOMRAM 000020
___ftmul@sign                        cstackCOMRAM 000024
___ftpack                            text72       002DEA
___ftpack@arg                        cstackCOMRAM 000005
___ftpack@exp                        cstackCOMRAM 000008
___ftpack@sign                       cstackCOMRAM 000009
___fttol                             text70       0029B8
___fttol@exp1                        cstackCOMRAM 000033
___fttol@f1                          cstackCOMRAM 000025
___fttol@lval                        cstackCOMRAM 00002F
___fttol@sign1                       cstackCOMRAM 00002E
___inthi_sp                          stack        000000
___intlo_sp                          stack        000000
___lbdiv                             text87       003906
___lbdiv@counter                     cstackCOMRAM 000007
___lbdiv@dividend                    cstackCOMRAM 000006
___lbdiv@divisor                     cstackCOMRAM 000005
___lbdiv@quotient                    cstackCOMRAM 000008
___lbmod                             text86       003C4C
___lbmod@counter                     cstackCOMRAM 00000B
___lbmod@dividend                    cstackCOMRAM 00000A
___lbmod@divisor                     cstackCOMRAM 000009
___lbmod@rem                         cstackCOMRAM 00000C
___lldiv                             text83       003068
___lldiv@counter                     cstackCOMRAM 000011
___lldiv@dividend                    cstackCOMRAM 000005
___lldiv@divisor                     cstackCOMRAM 000009
___lldiv@quotient                    cstackCOMRAM 00000D
___lltoft                            text69       0034FC
___lltoft@c                          cstackCOMRAM 00000D
___lltoft@exp                        cstackCOMRAM 000015
___lmul                              text94       003594
___lmul@multiplicand                 cstackCOMRAM 000009
___lmul@multiplier                   cstackCOMRAM 000005
___lmul@product                      cstackCOMRAM 00000D
___lwdiv                             text82       0035E0
___lwdiv@counter                     cstackCOMRAM 000009
___lwdiv@dividend                    cstackCOMRAM 000005
___lwdiv@divisor                     cstackCOMRAM 000007
___lwdiv@quotient                    cstackCOMRAM 00000A
___lwmod                             text81       00373C
___lwmod@counter                     cstackCOMRAM 000010
___lwmod@dividend                    cstackCOMRAM 00000C
___lwmod@divisor                     cstackCOMRAM 00000E
___param_bank                        (abs)        000000
___rparam_used                       (abs)        000001
___sp                                stack        000000
__accesstop                          (abs)        000080
__activetblptr                       (abs)        000002
__end_ofPL10                         text19       00229E
__end_ofPL100                        text80       003068
__end_ofPL102                        text29       001BA2
__end_ofPL104                        text74       000D50
__end_ofPL106                        text90       0036BA
__end_ofPL108                        text71       0028F4
__end_ofPL110                        text34       0032FA
__end_ofPL112                        text32       001D16
__end_ofPL114                        text53       003D3E
__end_ofPL116                        text31       0013EE
__end_ofPL118                        text36       00159A
__end_ofPL12                         text31       0013D8
__end_ofPL120                        text23       0023BE
__end_ofPL122                        text21       001A62
__end_ofPL124                        text107      002ED4
__end_ofPL126                        text37       000A6A
__end_ofPL128                        text20       0025BC
__end_ofPL130                        text65       00077E
__end_ofPL132                        text37       000A76
__end_ofPL134                        text36       0015A6
__end_ofPL136                        text21       001A6C
__end_ofPL138                        text29       001BAE
__end_ofPL14                         text65       0006B8
__end_ofPL140                        text22       002082
__end_ofPL142                        text19       0022A8
__end_ofPL144                        text19       0022AE
__end_ofPL146                        text65       000788
__end_ofPL148                        text32       001D1C
__end_ofPL150                        text28       001746
__end_ofPL152                        text27       0021A8
__end_ofPL154                        text19       0022B8
__end_ofPL156                        text106      0033AE
__end_ofPL158                        text65       000792
__end_ofPL16                         text37       000A56
__end_ofPL160                        text120      0031C2
__end_ofPL162                        text77       0018EA
__end_ofPL164                        text71       0028FC
__end_ofPL166                        text72       002E66
__end_ofPL168                        text28       001750
__end_ofPL170                        text106      0033B8
__end_ofPL172                        text102      002D56
__end_ofPL174                        text40       003A84
__end_ofPL176                        text72       002E70
__end_ofPL178                        text29       001BB8
__end_ofPL18                         text25       001E40
__end_ofPL180                        text107      002EDE
__end_ofPL182                        text107      002EE8
__end_ofPL184                        text26       001032
__end_ofPL186                        text25       001E4A
__end_ofPL188                        text76       00399E
__end_ofPL190                        text24       00123E
__end_ofPL192                        text74       000D58
__end_ofPL194                        text107      002EF2
__end_ofPL196                        text23       0023C8
__end_ofPL198                        text32       001D26
__end_ofPL2                          text26       001014
__end_ofPL20                         text77       0018C2
__end_ofPL200                        text102      002D60
__end_ofPL202                        text74       000D60
__end_ofPL204                        text22       00208C
__end_ofPL206                        text31       0013F8
__end_ofPL208                        text30       002764
__end_ofPL210                        text29       001BC2
__end_ofPL212                        text29       001BCA
__end_ofPL214                        text25       001E52
__end_ofPL216                        text21       001A74
__end_ofPL218                        text15       00396C
__end_ofPL22                         text74       000CF6
__end_ofPL220                        text29       001BD0
__end_ofPL222                        text68       002694
__end_ofPL224                        text22       002092
__end_ofPL226                        text59       003AB0
__end_ofPL228                        text30       00276A
__end_ofPL230                        text36       0015AC
__end_ofPL232                        text37       000A7E
__end_ofPL24                         text74       000D00
__end_ofPL26                         text32       001D08
__end_ofPL28                         text74       000D24
__end_ofPL30                         text77       0018CC
__end_ofPL32                         text18       00249E
__end_ofPL34                         text20       0025B2
__end_ofPL36                         text65       0006C4
__end_ofPL38                         text74       000D30
__end_ofPL4                          text21       001A18
__end_ofPL40                         text18       0024AE
__end_ofPL42                         text18       0024BE
__end_ofPL44                         text65       0006D6
__end_ofPL46                         text2        00282A
__end_ofPL48                         text18       0024CE
__end_ofPL50                         text21       001A32
__end_ofPL52                         text74       000D3C
__end_ofPL54                         text65       0006E8
__end_ofPL56                         text65       0006FA
__end_ofPL58                         text65       000716
__end_ofPL6                          text28       00173C
__end_ofPL60                         text26       00101E
__end_ofPL62                         text65       000730
__end_ofPL64                         text26       001028
__end_ofPL66                         text21       001A3C
__end_ofPL68                         text21       001A46
__end_ofPL70                         text21       001A50
[...]
                  1    wreg      void 
 Registers used:
		wreg, status,2, status,0
 Tracked objects:
		On entry : 
		On exit  : 
		Unchanged: 
 Data sizes:     COMRAM   BANK0   BANK1   BANK2   BANK3   BANK4   BANK5   BANK6   BANK7   BANK8   BANK9  BANK10  BANK11  BANK12  BANK13  BANK14  BANK15
      Params:         0       0       0       0       0       0       0       0       0       0       0       0       0       0       0       0       0
      Locals:         0       0       0       0       0       0       0       0       0       0       0       0       0       0       0       0       0
      Temps:          0       0       0       0       0       0       0       0       0       0       0       0       0       0       0       0       0
      Totals:         0       0       0       0       0       0       0       0       0       0       0       0       0       0       0       0       0
Total ram usage:        0 bytes
 Hardware stack levels used:    1
 This function calls:
		Nothing
 This function is called by:
		_INTERRUPT_InterruptManager
 This function uses a non-reentrant model


 *************** function _TMR0_ISR *****************
 Defined at:
		line 127 in file "dispatcher.c"
 Parameters:    Size  Location     Type
		None
 Auto vars:     Size  Location     Type
		None
 Return value:  Size  Location     Type
                  1    wreg      void 
 Registers used:
		wreg, status,2
 Tracked objects:
		On entry : 
		On exit  : 
		Unchanged: 
 Data sizes:     COMRAM   BANK0   BANK1   BANK2   BANK3   BANK4   BANK5   BANK6   BANK7   BANK8   BANK9  BANK10  BANK11  BANK12  BANK13  BANK14  BANK15
      Params:         0       0       0       0       0       0       0       0       0       0       0       0       0       0       0       0       0
      Locals:         0       0       0       0       0       0       0       0       0       0       0       0       0       0       0       0       0
      Temps:          0       0       0       0       0       0       0       0       0       0       0       0       0       0       0       0       0
      Totals:         0       0       0       0       0       0       0       0       0       0       0       0       0       0       0       0       0
Total ram usage:        0 bytes
 Hardware stack levels used:    1
 This function calls:
		Nothing
 This function is called by:
		_INTERRUPT_InterruptManager
 This function uses a non-reentrant model


 *************** function _INT0_ISR *****************
 Defined at:
		line 659 in file "common.c"
 Parameters:    Size  Location     Type
		None
 Auto vars:     Size  Location     Type
		None
 Return value:  Size  Location     Type
                  1    wreg      void 
 Registers used:
		wreg, status,2, status,0
 Tracked objects:
		On entry : 
		On exit  : 
		Unchanged: 
 Data sizes:     COMRAM   BANK0   BANK1   BANK2   BANK3   BANK4   BANK5   BANK6   BANK7   BANK8   BANK9  BANK10  BANK11  BANK12  BANK13  BANK14  BANK15
      Params:         0       0       0       0       0       0       0       0       0       0       0       0       0       0       0       0       0
      Locals:         0       0       0       0       0       0       0       0       0       0       0       0       0       0       0       0       0
      Temps:          0       0       0       0       0       0       0       0       0       0       0       0       0       0       0       0       0
      Totals:         0       0       0       0       0       0       0       0       0       0       0       0       0       0       0       0       0
Total ram usage:        0 bytes
 Hardware stack levels used:    1
 This function calls:
		Nothing
 This function is called by:
		_INTERRUPT_InterruptManager
 This function uses a non-reentrant model


 *************** function _EUSART_Receive_ISR *****************
 Defined at:
		line 112 in file "eusart.c"
 Parameters:    Size  Location     Type
		None
 Auto vars:     Size  Location     Type
		None
 Return value:  Size  Location     Type
                  1    wreg      void 
 Registers used:
		wreg, fsr2l, fsr2h, status,2, status,0
 Tracked objects:
		On entry : 
		On exit  : 
		Unchanged: 
 Data sizes:     COMRAM   BANK0   BANK1   BANK2   BANK3   BANK4   BANK5   BANK6   BANK7   BANK8   BANK9  BANK10  BANK11  BANK12  BANK13  BANK14  BANK15
      Params:         0       0       0       0       0       0       0       0       0       0       0       0       0       0       0       0       0
      Locals:         0       0       0       0       0       0       0       0       0       0       0       0       0       0       0       0       0
      Temps:          1       0       0       0       0       0       0       0       0       0       0       0       0       0       0       0       0
      Totals:         1       0       0       0       0       0       0       0       0       0       0       0       0       0       0       0       0
Total ram usage:        1 bytes
 Hardware stack levels used:    1
 This function calls:
		Nothing
 This function is called by:
		_INTERRUPT_InterruptManager
 This function uses a non-reentrant model



MODULE INFORMATION

Module		Function		Class		Link	Load	Size
C:\Program Files (x86)\Microchip\xc8\v1.44\sources\common\lbdiv.c
		___lbdiv       		CODE           	3906	0000	53

C:\Program Files (x86)\Microchip\xc8\v1.44\sources\common\lbdiv.c estimated size: 53

C:\Program Files (x86)\Microchip\xc8\v1.44\sources\common\lwmod.c
		___lwmod       		CODE           	373C	0000	63

C:\Program Files (x86)\Microchip\xc8\v1.44\sources\common\lwmod.c estimated size: 63

settings.c
		_set_font_set  		CODE           	22B8	0000	257
		_set_sound_h   		CODE           	24CE	0000	219
		_set_type_clk  		CODE           	1F78	0000	257
		_time_set_dt   		CODE           	1D26	0000	261
		_time_set_hr   		CODE           	15AC	0000	391
		_time_set_mt   		CODE           	0D60	0000	677
		_time_set_dy   		CODE           	1032	0000	515
		_time_set_yr   		CODE           	2092	0000	261
		_time_set_min  		CODE           	123E	0000	399
		_brg_set       		CODE           	18EA	0000	281
		_set_brg_manual		CODE           	21A8	0000	239

settings.c estimated size: 3757

eusart.c
		_EUSART_Read   		CODE           	3A58	0000	35
		_EUSART_Write  		CODE           	389C	0000	55
		_init_uart     		CODE           	3B08	0000	43
		_EUSART_Receive_ISR		CODE           	399E	0000	49
		_reinit_rx     		CODE           	3F44	0000	9

eusart.c estimated size: 191

C:\Program Files (x86)\Microchip\xc8\v1.44\sources\common\lltoft.c
		___lltoft      		CODE           	34FC	0000	77

C:\Program Files (x86)\Microchip\xc8\v1.44\sources\common\lltoft.c estimated size: 77

C:\Program Files (x86)\Microchip\xc8\v1.44\sources\common\ftmul.c
		___ftmul       		CODE           	2834	0000	179

C:\Program Files (x86)\Microchip\xc8\v1.44\sources\common\ftmul.c estimated size: 179

timer.c
		_TMRInit       		CODE           	3D78	0000	29

timer.c estimated size: 29

i2c.c
		_I2C_Master_Read		CODE           	3CDE	0000	37
		_I2C_Master_Wait		CODE           	3EF4	0000	17
		_I2C_Master_Stop		CODE           	3F4C	0000	9
		_I2C_Master_RepeatedStart		CODE           	3F5C	0000	9
		_I2C_Init      		CODE           	3DFC	0000	23
		_I2C_Master_Write		CODE           	3F30	0000	13
		_I2C_Master_Start		CODE           	3F54	0000	9

i2c.c estimated size: 117

dispatcher.c
		_RTOS_DeleteTask		CODE           	2D60	0000	139
		_RTOS_Init     		CODE           	3ED4	0000	17
		_RTOS_DispatchTask		CODE           	23C8	0000	199
		_RTOS_SetTask  		CODE           	2CD0	0000	125
		_TMR0_ISR      		CODE           	3F04	0000	17

dispatcher.c estimated size: 497

C:\Program Files (x86)\Microchip\xc8\v1.44\sources\common\lwdiv.c
		___lwdiv       		CODE           	35E0	0000	75

C:\Program Files (x86)\Microchip\xc8\v1.44\sources\common\lwdiv.c estimated size: 75

C:\Program Files (x86)\Microchip\xc8\v1.44\sources\common\doprnt.c
		_sprintf       		CODE           	396C	0000	41

C:\Program Files (x86)\Microchip\xc8\v1.44\sources\common\doprnt.c estimated size: 41

C:\Program Files (x86)\Microchip\xc8\v1.44\sources\common\lldiv.c
		___lldiv       		CODE           	3068	0000	119

C:\Program Files (x86)\Microchip\xc8\v1.44\sources\common\lldiv.c estimated size: 119

eeprom.c
		_read_eep      		CODE           	3EA0	0000	19
		_write_eep     		CODE           	3C96	0000	37

eeprom.c estimated size: 56

key.c
		_key_press     		CODE           	362A	0000	73

key.c estimated size: 73

ds3231.c
		_DS3231_Read   		CODE           	3ADC	0000	45
		_DS3231_init   		CODE           	3E7C	0000	19
		_DS3231_Write  		CODE           	3D94	0000	29
		_getDate       		CODE           	2E70	0000	93
		_decimal_to_bcd		CODE           	3C26	0000	39
		_setDate       		CODE           	37F2	0000	59
		_bcd_to_decimal		CODE           	3E3E	0000	23
		_getTime       		CODE           	335A	0000	75
		_setTime       		CODE           	39CE	0000	47

ds3231.c estimated size: 429

BMP_280.c
		_bmp280_Init   		CODE           	28FC	0000	189
		_bmp280WriteByte		CODE           	3D5C	0000	29
		_bmp280ReadTemp		CODE           	3BAE	0000	41
		_bmp280ReadInt32		CODE           	25BC	0000	209
		_bmp280ReadInt16		CODE           	34B0	0000	77
		_bmp280ReadPressure		CODE           	3BD6	0000	41
		_bmp280Convert 		CODE           	0012	0000	1587

BMP_280.c estimated size: 2173

max7221.c
		_Update_Matrix 		CODE           	37B6	0000	61
		_Cmd7221       		CODE           	3D3E	0000	31
		_Init7221      		CODE           	393A	0000	45
		_Send_Byte_7221		CODE           	3A2A	0000	47

max7221.c estimated size: 184

nrf24l01p.c
		_nrf24_getData 		CODE           	3DCC	0000	25
		_nrf24_tx_address		CODE           	3D20	0000	17
		_nrf24_init    		CODE           	2B0C	0000	157
		_nrf24_dataReady		CODE           	3E28	0000	23
		_nrf24_write_reg		CODE           	3E12	0000	23
		_nrf24_write_buf		CODE           	39FC	0000	47
		_nrf24_getStatus		CODE           	3EE4	0000	17
		_nrf24_powerUpRx		CODE           	38D2	0000	53
		_nrf24_rx_address		CODE           	3E8E	0000	19
		_nrf24_read_reg		CODE           	3DE4	0000	25
		_nrf24_read_buf		CODE           	3A84	0000	39
		_nrf24_rxFifoEmpty		CODE           	3F22	0000	15

nrf24l01p.c estimated size: 460

C:\Program Files (x86)\Microchip\xc8\v1.44\sources\common\fttol.c
		___fttol       		CODE           	29B8	0000	185

C:\Program Files (x86)\Microchip\xc8\v1.44\sources\common\fttol.c estimated size: 185

C:\Program Files (x86)\Microchip\xc8\v1.44\sources\common\rand.c
		_srand         		CODE           	3F14	0000	15
		_rand          		CODE           	3460	0000	81

C:\Program Files (x86)\Microchip\xc8\v1.44\sources\common\rand.c estimated size: 96

spi.c
		_spi_init      		CODE           	3EC4	0000	17
		_spi_rw        		CODE           	3B32	0000	43

spi.c estimated size: 60

onewire.c
		_ow_reset      		CODE           	377A	0000	61
		_read_bit      		CODE           	3DB0	0000	29
		_read_byte     		CODE           	3864	0000	57
		_write_bit     		CODE           	3C72	0000	37
		_write_byte    		CODE           	382C	0000	57

onewire.c estimated size: 241

interrupt.c
		_INTERRUPT_InterruptManager		CODE           	0008	0000	137

interrupt.c estimated size: 137

shared
		PL12           		CODE           	13CC	0000	13
		PL50           		CODE           	1A26	0000	13
		PL8            		CODE           	1A18	0000	15
		PL22           		CODE           	0CD0	0000	39
		PL60           		CODE           	1014	0000	11
		_dFont2        		MEDIUMCONST    	BEE6	0000	51
		PL178          		CODE           	1BAE	0000	11
		PL100          		CODE           	3058	0000	17
		PL32           		CODE           	248E	0000	17
		PL70           		CODE           	1A46	0000	11
		_dFont5        		MEDIUMCONST    	BE50	0000	51
		PL200          		CODE           	2D56	0000	11
		PL42           		CODE           	24AE	0000	17
		PL80           		CODE           	18CC	0000	11
		PL188          		CODE           	3994	0000	11
		PL110          		CODE           	32EC	0000	15
		PL14           		CODE           	0644	0000	117
		PL52           		CODE           	0D30	0000	13
		PL90           		CODE           	0760	0000	19
		PL210          		CODE           	1BB8	0000	11
		PL24           		CODE           	0CF6	0000	11
		PL62           		CODE           	0716	0000	27
		PL198          		CODE           	1D1C	0000	11
		PL120          		CODE           	23B8	0000	7
		PL34           		CODE           	25A8	0000	11
		PL72           		CODE           	13D8	0000	13
		_nrf_tx_address		MEDIUMCONST    	BF70	0000	6
		PL220          		CODE           	1BCA	0000	7
		PL44           		CODE           	06C4	0000	19
		PL82           		CODE           	0A56	0000	9
		PL130          		CODE           	0772	0000	13
		PL16           		CODE           	0A40	0000	23
		PL54           		CODE           	06D6	0000	19
		PL92           		CODE           	334E	0000	13
		_FontS         		MEDIUMCONST    	BF4A	0000	34
		PL230          		CODE           	15A6	0000	7
		PL26           		CODE           	1CFC	0000	13
		PL64           		CODE           	101E	0000	11
		PL102          		CODE           	1B92	0000	17
		PL140          		CODE           	2078	0000	11
		PL36           		CODE           	06B8	0000	13
		PL74           		CODE           	0730	0000	13
		PL202          		CODE           	0D58	0000	9
		PL46           		CODE           	2822	0000	9
		PL84           		CODE           	2196	0000	9
		_fract         		MEDIUMCONST    	B940	0000	17
		PL112          		CODE           	1D08	0000	15
		PL150          		CODE           	173C	0000	11
		PL18           		CODE           	1E2A	0000	23
		PL56           		CODE           	06E8	0000	19
		PL94           		CODE           	18D6	0000	11
		PL212          		CODE           	1BC2	0000	9
		PL28           		CODE           	0D00	0000	37
		PL66           		CODE           	1A32	0000	11
		PL122          		CODE           	1A58	0000	11
		PL160          		CODE           	31BA	0000	9
		PL38           		CODE           	0D24	0000	13
		PL76           		CODE           	274C	0000	15
		PL222          		CODE           	268C	0000	9
		PL48           		CODE           	24BE	0000	17
		PL86           		CODE           	073C	0000	19
		PL132          		CODE           	0A6A	0000	13
		PL170          		CODE           	33AE	0000	11
		PL58           		CODE           	06FA	0000	29
		PL96           		CODE           	0D3C	0000	11
		PL232          		CODE           	0A76	0000	9
		PL68           		CODE           	1A3C	0000	11
		_dFont3        		MEDIUMCONST    	BEB4	0000	51
		PL104          		CODE           	0D46	0000	11
		PL142          		CODE           	229E	0000	11
		PL180          		CODE           	2ED4	0000	11
		PL78           		CODE           	1A50	0000	9
		PL204          		CODE           	2082	0000	11
		PL88           		CODE           	074E	0000	19
		_pic7x8        		MEDIUMCONST    	B90D	0000	36
		PL114          		CODE           	3D30	0000	15
		PL152          		CODE           	219E	0000	11
		PL190          		CODE           	1234	0000	11
		PL98           		CODE           	282A	0000	11
		PL214          		CODE           	1E4A	0000	9
		PL124          		CODE           	2ECC	0000	9
		PL162          		CODE           	18E0	0000	11
		__initialization		CODE           	2A70	0000	143
		PL224          		CODE           	208C	0000	7
		PL134          		CODE           	159A	0000	13
		PL172          		CODE           	2D4C	0000	11
		PL106          		CODE           	36B0	0000	11
		PL144          		CODE           	22A8	0000	7
		PL182          		CODE           	2EDE	0000	11
		PL206          		CODE           	13EE	0000	11
		PL116          		CODE           	13E4	0000	11
		PL154          		CODE           	22AE	0000	11
		PL192          		CODE           	0D50	0000	9
		PL216          		CODE           	1A6C	0000	9
		PL126          		CODE           	0A5E	0000	13
		PL164          		CODE           	28F4	0000	9
		PL226          		CODE           	3AAA	0000	7
		_dFont1        		MEDIUMCONST    	BF18	0000	51
		PL136          		CODE           	1A62	0000	11
		PL174          		CODE           	3A7A	0000	11
		_dFont4        		MEDIUMCONST    	BE82	0000	51
		_dissolve_arr  		MEDIUMCONST    	B930	0000	17
		PL108          		CODE           	28E6	0000	15
		PL146          		CODE           	077E	0000	11
		PL184          		CODE           	1028	0000	11
		PL208          		CODE           	275A	0000	11
		PL118          		CODE           	1590	0000	11
		PL156          		CODE           	33A4	0000	11
		PL194          		CODE           	2EE8	0000	11
		_nrf_rx_address		MEDIUMCONST    	BF6B	0000	6
		PL218          		CODE           	3966	0000	7
		PL128          		CODE           	25B2	0000	11
		PL166          		CODE           	2E5C	0000	11
		PL228          		CODE           	2764	0000	7
		PL138          		CODE           	1BA2	0000	13
		PL176          		CODE           	2E66	0000	11
		PL2            		CODE           	1004	0000	17
		PL148          		CODE           	1D16	0000	7
		PL186          		CODE           	1E40	0000	11
		_Font          		MEDIUMCONST    	B950	0000	1281
		PL10           		CODE           	2296	0000	9
		PL4            		CODE           	1A02	0000	23
		PL20           		CODE           	18B6	0000	13
		PL158          		CODE           	0788	0000	11
		PL196          		CODE           	23BE	0000	11
		PL30           		CODE           	18C2	0000	11
		PL6            		CODE           	1732	0000	11
		PL40           		CODE           	249E	0000	17
		PL168          		CODE           	1746	0000	11

shared estimated size: 3379

C:\Program Files (x86)\Microchip\xc8\v1.44\sources\common\lbmod.c
		___lbmod       		CODE           	3C4C	0000	39

C:\Program Files (x86)\Microchip\xc8\v1.44\sources\common\lbmod.c estimated size: 39

ds18b20.c
		_init_ds18b20  		CODE           	3B86	0000	41
		_readTemp_Single		CODE           	1E52	0000	295

ds18b20.c estimated size: 336

display.c
		_scroll_right  		CODE           	33B8	0000	87
		_putchar_down  		CODE           	2C3C	0000	149
		_putchar_b_buf 		CODE           	322C	0000	107
		_putchar_down_s		CODE           	2BA8	0000	149
		_pic_to_led    		CODE           	31C2	0000	107
		_clear_matrix  		CODE           	3EB2	0000	19
		_dissolve      		CODE           	30DE	0000	117
		_hide_two_side 		CODE           	3672	0000	63
		_FillBuf       		CODE           	0A7E	0000	595
		_interval_scroll_text		CODE           	3AB0	0000	45
		_pixel_on      		CODE           	3CBA	0000	37
		_scroll_left   		CODE           	32FA	0000	85
		_scroll_text   		CODE           	2FF0	0000	105
		_pixel_off     		CODE           	3BFE	0000	41

display.c estimated size: 1706

C:\Program Files (x86)\Microchip\xc8\v1.44\sources\common\Umul32.c
		___lmul        		CODE           	3594	0000	77

C:\Program Files (x86)\Microchip\xc8\v1.44\sources\common\Umul32.c estimated size: 77

common.c
		_set_font      		CODE           	3548	0000	77
		_version       		CODE           	3E54	0000	21
		_GetTime       		CODE           	3296	0000	87
		_default_state 		CODE           	3F78	0000	7
		_adj_brig      		CODE           	3B5C	0000	43
		_radio_temp    		CODE           	1BD0	0000	301
		_pressure      		CODE           	1A74	0000	287
		_Rand_ef       		CODE           	36BA	0000	69
		_home_temp     		CODE           	2694	0000	185
		_read_adc      		CODE           	3D02	0000	31
		_pre_ref_dis   		CODE           	1750	0000	359
		_INT0_ISR      		CODE           	3152	0000	105
		_usart_r       		CODE           	0792	0000	687
		_TMR1_ISR      		CODE           	3E68	0000	21
		_time_led      		CODE           	13F8	0000	409

common.c estimated size: 2689

init.c
		_Port_Init     		CODE           	36FE	0000	63
		_Interrupt_Init		CODE           	3F72	0000	7
		_SYSTEM_Initialize		CODE           	276A	0000	185

init.c estimated size: 255

main.c
		_main          		CODE           	340E	0000	83

main.c estimated size: 83

C:\Program Files (x86)\Microchip\xc8\v1.44\sources\common\float.c
		___ftpack      		CODE           	2DEA	0000	115

C:\Program Files (x86)\Microchip\xc8\v1.44\sources\common\float.c estimated size: 115

sound.c
		_TMR3_ISR      		CODE           	2F74	0000	125
		_sound_init    		CODE           	3F6C	0000	7

sound.c estimated size: 132

