Microchip MPLAB XC8 Compiler V1.44 ()

Linker command line:

-W-3 --edf=C:\Program Files (x86)\Microchip\xc8\v1.44\dat\en_msgs.txt -cs \
  -h+dist/default/production\18F4525.production.sym \
  --cmf=dist/default/production\18F4525.production.cmf -z -Q18F4525 \
  -oC:\Temp\s5v4.2 -Mdist/default/production/18F4525.production.map -E1 \
  -ver=XC8 -ASTACK=0264h-0f7fh -pstack=STACK -ACODE=00h-0BFFFh \
  -ACONST=00h-0BFFFh -ASMALLCONST=01000h-010FFhx176 \
  -AMEDIUMCONST=01000h-0BFFFh -ACOMRAM=01h-07Fh -AABS1=00h-0F7Fh \
  -ABIGRAM=01h-0F7Fh -ARAM=080h-0FFh,0100h-01FFhx14,0F00h-0F7Fh \
  -ABANK0=080h-0FFh -ABANK1=0100h-01FFh -ABANK2=0200h-02FFh \
  -ABANK3=0300h-03FFh -ABANK4=0400h-04FFh -ABANK5=0500h-05FFh \
  -ABANK6=0600h-06FFh -ABANK7=0700h-07FFh -ABANK8=0800h-08FFh \
  -ABANK9=0900h-09FFh -ABANK10=0A00h-0AFFh -ABANK11=0B00h-0BFFh \
  -ABANK12=0C00h-0CFFh -ABANK13=0D00h-0DFFh -ABANK14=0E00h-0EFFh \
  -ABANK15=0F00h-0F7Fh -ASFR=0F80h-0FFFh \
  -preset_vec=00h,intcode=08h,intcodelo,powerup,init -pramtop=01000h \
  -psmallconst=SMALLCONST -pmediumconst=MEDIUMCONST -pconst=CONST \
  -AFARRAM=00h-00h -ACONFIG=0300000h-030000Dh -pconfig=CONFIG \
  -AIDLOC=0200000h-0200007h -pidloc=IDLOC -AEEDATA=0F00000h-0F003FFh \
  -peeprom_data=EEDATA \
  -prdata=COMRAM,nvrram=COMRAM,nvbit=COMRAM,rbss=COMRAM,rbit=COMRAM \
  -pfarbss=FARRAM,fardata=FARRAM,nvFARRAM=FARRAM \
  -pintsave_regs=BIGRAM,bigbss=BIGRAM,bigdata=BIGRAM -pbss=RAM \
  -pidata=CODE,irdata=CODE,ibigdata=CODE,ifardata=CODE -prparam=COMRAM \
  C:\Temp\s5v4.obj dist/default/production\18F4525.production.obj 

Object code version is 3.11

Machine type is 18F4525

Call graph: (short form)




                Name                               Link     Load   Length Selector   Space Scale
C:\Temp\s5v4.obj
                init                                  E        E        4        4       0
                reset_vec                             0        0        4        0       0
                idloc                            200000   200000        8   200000       0
                config                           300000   300000        E   300000       0
dist/default/production\18F4525.production.obj
                eeprom_data                      F00000   F00000        8   F00000       0
                intcode                               8        8        6        4       0
                temp                                 70       70        1        1       1
                mediumconst                        B7C8     B7C8      838     5BE4       0
                text121                            4070     4070       24        4       0
                text120                            2E7A     2E7A       B2        4       0
                text119                            4094     4094       22        4       0
                text118                            42C4     42C4       10        4       0
                text117                            423A     423A       14        4       0
                text116                            40F2     40F2       1E        4       0
                intcode_body                       3058     3058       92        4       0
                text114                            42B4     42B4       10        4       0
                text113                            404C     404C       24        4       0
                text112                            4312     4312        8        4       0
                text111                            430A     430A        8        4       0
                text110                            4302     4302        8        4       0
                text109                            42EE     42EE        C        4       0
                text108                            3E7A     3E7A       2C        4       0
                text107                            4224     4224       16        4       0
                text106                            3310     3310       82        4       0
                text105                            368C     368C       5E        4       0
                text104                            317A     317A       8A        4       0
                text103                            328A     328A       86        4       0
                text102                            4028     4028       24        4       0
                text101                            35C4     35C4       66        4       0
                text100                            420E     420E       16        4       0
                text99                             3F22     3F22       28        4       0
                text98                             3E4E     3E4E       2C        4       0
                text97                             355A     355A       6A        4       0
                text96                             4004     4004       24        4       0
                text95                             3C80     3C80       34        4       0
                text94                             3F96     3F96       26        4       0
                text93                             34F0     34F0       6A        4       0
                text92                             2DC2     2DC2       B8        4       0
                text91                             36EA     36EA       5C        4       0
                text90                             3A6A     3A6A       4A        4       0
                text89                             3AF2     3AF2       3E        4       0
                text88                             2FC6     2FC6       92        4       0
                text87                             3E22     3E22       2C        4       0
                text86                             2D0A     2D0A       B8        4       0
                text85                             1D64     1D64      174        4       0
                text84                             37FA     37FA       56        4       0
                text83                             340A     340A       76        4       0
                text82                             362A     362A       62        4       0
                text81                             3F70     3F70       26        4       0
                text80                             4180     4180       1C        4       0
                text79                             42E2     42E2        C        4       0
                text78                              A44      A44      4AA        4       0
                text77                             3CE4     3CE4       30        4       0
                text76                             40D4     40D4       1E        4       0
                text75                             3A1E     3A1E       4C        4       0
                text74                              EEE      EEE      326        4       0
                text73                             3850     3850       52        4       0
                text72                             3204     3204       86        4       0
                text71                             2B8A     2B8A       C8        4       0
                text70                             2C52     2C52       B8        4       0
                text69                             39D2     39D2       4C        4       0
                text68                             3986     3986       4C        4       0
                text67                             2AB2     2AB2       D8        4       0
                text66                             3FE0     3FE0       24        4       0
                text65                             37A0     37A0       5A        4       0
                text64                             3746     3746       5A        4       0
                text63                               12       12      A32        4       0
                text62                             3ED0     3ED0       2A        4       0
                text61                             42A4     42A4       10        4       0
                text60                             41B4     41B4       18        4       0
                text59                             42D4     42D4        E        4       0
                text58                             41F8     41F8       16        4       0
                text57                             3DF6     3DF6       2C        4       0
                text56                             41E2     41E2       16        4       0
                text55                             419C     419C       18        4       0
                text54                             3B30     3B30       3C        4       0
                text53                             4164     4164       1C        4       0
                text52                             3BDE     3BDE       38        4       0
                text51                             3FBC     3FBC       24        4       0
                text50                             3BA6     3BA6       38        4       0
                text49                             2028     2028      13C        4       0
                text48                             3D70     3D70       2E        4       0
                text47                             4148     4148       1C        4       0
                text46                             3F4A     3F4A       26        4       0
                text45                             3B6C     3B6C       3A        4       0
                text44                             3D42     3D42       2E        4       0
                text43                             3DCA     3DCA       2C        4       0
                text42                             3C16     3C16       36        4       0
                text41                             42FA     42FA        8        4       0
                text40                             3480     3480       70        4       0
                text39                             1214     1214      278        4       0
                text38                             393A     393A       4C        4       0
                text37                             1BC4     1BC4      1A0        4       0
                text36                             4326     4326        6        4       0
                text35                             25EE     25EE      106        4       0
                text34                             148C     148C      21A        4       0
                text33                             24D4     24D4      11A        4       0
                text32                             1A18     1A18      1AC        4       0
                text31                             26F4     26F4       FC        4       0
                text30                             27F0     27F0       F8        4       0
                text29                             2164     2164      130        4       0
                text28                             23B6     23B6      11E        4       0
                text27                             2294     2294      122        4       0
                text26                             3D9E     3D9E       2C        4       0
                text25                             1868     1868      1B0        4       0
                text24                             29D2     29D2       E0        4       0
                text23                             1ED8     1ED8      150        4       0
                text22                             28E8     28E8       EA        4       0
                text21                             4272     4272       12        4       0
                text20                             41CC     41CC       16        4       0
                text19                             3CB4     3CB4       30        4       0
                text18                             4320     4320        6        4       0
                text17                             3AB4     3AB4       3E        4       0
                text16                             4294     4294       10        4       0
                text15                             412C     412C       1C        4       0
                text14                             38EE     38EE       4C        4       0
                text13                             4110     4110       1C        4       0
                text12                             16A6     16A6      1C2        4       0
                text11                             3EFA     3EFA       28        4       0
                text10                             3EA6     3EA6       2A        4       0
                text9                              3C4C     3C4C       34        4       0
                text8                              3D14     3D14       2E        4       0
                text7                              4260     4260       12        4       0
                text6                              40B6     40B6       1E        4       0
                text5                              2F2C     2F2C       9A        4       0
                text4                              424E     424E       12        4       0
                text3                              431A     431A        6        4       0
                text2                              4284     4284       10        4       0
                text1                              30EA     30EA       90        4       0
                text0                              38A2     38A2       4C        4       0
                cstackCOMRAM                          1        1       5F        1       1
                cstackBANK0                          D8       D8       13       80       1
                cstackBANK1                         1A8      1A8       20      100       1
                bssBANK2                            200      200       64      200       1
                bssBANK1                            100      100       A8      100       1
                dataBANK0                            EB       EB        2       80       1
                bssBANK0                             80       80       58       80       1
                dataCOMRAM                           6C       6C        4        1       1
                bssCOMRAM                            60       60        B        1       1
                bitbssCOMRAM                        358       6B        4        1       1     8
                cinit                              3392     3392       78        4       0
                idataBANK0                         4330     4330        2        4       0
                idataCOMRAM                        432C     432C        4        4       0

TOTAL           Name                               Link     Load   Length     Space
        CLASS   STACK          

        CLASS   CODE           
                intcode                               8        8        6         0
                init                                  E        E        4         0
                reset_vec                             0        0        4         0
                text121                            4070     4070       24         0
                text120                            2E7A     2E7A       B2         0
                text119                            4094     4094       22         0
                text118                            42C4     42C4       10         0
                text117                            423A     423A       14         0
                text116                            40F2     40F2       1E         0
                intcode_body                       3058     3058       92         0
                text114                            42B4     42B4       10         0
                text113                            404C     404C       24         0
                text112                            4312     4312        8         0
                text111                            430A     430A        8         0
                text110                            4302     4302        8         0
                text109                            42EE     42EE        C         0
                text108                            3E7A     3E7A       2C         0
                text107                            4224     4224       16         0
                text106                            3310     3310       82         0
                text105                            368C     368C       5E         0
                text104                            317A     317A       8A         0
                text103                            328A     328A       86         0
                text102                            4028     4028       24         0
                text101                            35C4     35C4       66         0
                text100                            420E     420E       16         0
                text99                             3F22     3F22       28         0
                text98                             3E4E     3E4E       2C         0
                text97                             355A     355A       6A         0
                text96                             4004     4004       24         0
                text95                             3C80     3C80       34         0
                text94                             3F96     3F96       26         0
                text93                             34F0     34F0       6A         0
                text92                             2DC2     2DC2       B8         0
                text91                             36EA     36EA       5C         0
                text90                             3A6A     3A6A       4A         0
                text89                             3AF2     3AF2       3E         0
                text88                             2FC6     2FC6       92         0
                text87                             3E22     3E22       2C         0
                text86                             2D0A     2D0A       B8         0
                text85                             1D64     1D64      174         0
                text84                             37FA     37FA       56         0
                text83                             340A     340A       76         0
                text82                             362A     362A       62         0
                text81                             3F70     3F70       26         0
                text80                             4180     4180       1C         0
                text79                             42E2     42E2        C         0
                text78                              A44      A44      4AA         0
                text77                             3CE4     3CE4       30         0
                text76                             40D4     40D4       1E         0
                text75                             3A1E     3A1E       4C         0
                text74                              EEE      EEE      326         0
                text73                             3850     3850       52         0
                text72                             3204     3204       86         0
                text71                             2B8A     2B8A       C8         0
                text70                             2C52     2C52       B8         0
                text69                             39D2     39D2       4C         0
                text68                             3986     3986       4C         0
                text67                             2AB2     2AB2       D8         0
                text66                             3FE0     3FE0       24         0
                text65                             37A0     37A0       5A         0
                text64                             3746     3746       5A         0
                text63                               12       12      A32         0
                text62                             3ED0     3ED0       2A         0
                text61                             42A4     42A4       10         0
                text60                             41B4     41B4       18         0
                text59                             42D4     42D4        E         0
                text58                             41F8     41F8       16         0
                text57                             3DF6     3DF6       2C         0
                text56                             41E2     41E2       16         0
                text55                             419C     419C       18         0
                text54                             3B30     3B30       3C         0
                text53                             4164     4164       1C         0
                text52                             3BDE     3BDE       38         0
                text51                             3FBC     3FBC       24         0
                text50                             3BA6     3BA6       38         0
                text49                             2028     2028      13C         0
                text48                             3D70     3D70       2E         0
                text47                             4148     4148       1C         0
                text46                             3F4A     3F4A       26         0
                text45                             3B6C     3B6C       3A         0
                text44                             3D42     3D42       2E         0
                text43                             3DCA     3DCA       2C         0
                text42                             3C16     3C16       36         0
                text41                             42FA     42FA        8         0
                text40                             3480     3480       70         0
                text39                             1214     1214      278         0
                text38                             393A     393A       4C         0
                text37                             1BC4     1BC4      1A0         0
                text36                             4326     4326        6         0
                text35                             25EE     25EE      106         0
                text34                             148C     148C      21A         0
                text33                             24D4     24D4      11A         0
                text32                             1A18     1A18      1AC         0
                text31                             26F4     26F4       FC         0
                text30                             27F0     27F0       F8         0
                text29                             2164     2164      130         0
                text28                             23B6     23B6      11E         0
                text27                             2294     2294      122         0
                text26                             3D9E     3D9E       2C         0
                text25                             1868     1868      1B0         0
                text24                             29D2     29D2       E0         0
                text23                             1ED8     1ED8      150         0
                text22                             28E8     28E8       EA         0
                text21                             4272     4272       12         0
                text20                             41CC     41CC       16         0
                text19                             3CB4     3CB4       30         0
                text18                             4320     4320        6         0
                text17                             3AB4     3AB4       3E         0
                text16                             4294     4294       10         0
                text15                             412C     412C       1C         0
                text14                             38EE     38EE       4C         0
                text13                             4110     4110       1C         0
                text12                             16A6     16A6      1C2         0
                text11                             3EFA     3EFA       28         0
                text10                             3EA6     3EA6       2A         0
                text9                              3C4C     3C4C       34         0
                text8                              3D14     3D14       2E         0
                text7                              4260     4260       12         0
                text6                              40B6     40B6       1E         0
                text5                              2F2C     2F2C       9A         0
                text4                              424E     424E       12         0
                text3                              431A     431A        6         0
                text2                              4284     4284       10         0
                text1                              30EA     30EA       90         0
                text0                              38A2     38A2       4C         0
                cinit                              3392     3392       78         0
                idataBANK0                         4330     4330        2         0
                idataCOMRAM                        432C     432C        4         0

        CLASS   CONST          

        CLASS   SMALLCONST     

        CLASS   MEDIUMCONST    
                mediumconst                        B7C8     B7C8      838         0

        CLASS   COMRAM         
                temp                                 70       70        1         1
                cstackCOMRAM                          1        1       5F         1
                dataCOMRAM                           6C       6C        4         1
                bssCOMRAM                            60       60        B         1
                bitbssCOMRAM                        358       6B        4         1

        CLASS   ABS1           

        CLASS   BIGRAM         

        CLASS   RAM            

        CLASS   BANK0          
                cstackBANK0                          D8       D8       13         1
                dataBANK0                            EB       EB        2         1
                bssBANK0                             80       80       58         1

        CLASS   BANK1          
                cstackBANK1                         1A8      1A8       20         1
                bssBANK1                            100      100       A8         1

        CLASS   BANK2          
                bssBANK2                            200      200       64         1

        CLASS   BANK3          

        CLASS   BANK4          

        CLASS   BANK5          

        CLASS   BANK6          

        CLASS   BANK7          

        CLASS   BANK8          

        CLASS   BANK9          

        CLASS   BANK10         

        CLASS   BANK11         

        CLASS   BANK12         

        CLASS   BANK13         

        CLASS   BANK14         

        CLASS   BANK15         

        CLASS   SFR            

        CLASS   FARRAM         

        CLASS   CONFIG         
                config                           300000   300000        E         0

        CLASS   IDLOC          
                idloc                            200000   200000        8         0

        CLASS   EEDATA         
                eeprom_data                      F00000   F00000        8         0



SEGMENTS        Name                           Load    Length   Top    Selector   Space  Class

                reset_vec                      000000  000004  000004         0       0  CODE    
                cstackCOMRAM                   000001  000070  000071         1       1  COMRAM  
                intcode                        000008  00432A  004332         4       0  CODE    
                bssBANK0                       000080  00006D  0000ED        80       1  BANK0   
                bssBANK1                       000100  0000C8  0001C8       100       1  BANK1   
                bssBANK2                       000200  000064  000264       200       1  BANK2   
                mediumconst                    00B7C8  000838  00C000      5BE4       0  MEDIUMCO
                idloc                          200000  000008  200008    200000       0  IDLOC   
                config                         300000  00000E  30000E    300000       0  CONFIG  
                eeprom_data                    F00000  000008  F00008    F00000       0  EEDATA  


UNUSED ADDRESS RANGES

        Name                Unused          Largest block    Delta
        BANK0            0000ED-0000FF               13
        BANK1            0001C8-0001FF               38
        BANK10           000A00-000AFF              100
        BANK11           000B00-000BFF              100
        BANK12           000C00-000CFF              100
        BANK13           000D00-000DFF              100
        BANK14           000E00-000EFF              100
        BANK15           000F00-000F7F               80
        BANK2            000264-0002FF               9C
        BANK3            000300-0003FF              100
        BANK4            000400-0004FF              100
        BANK5            000500-0005FF              100
        BANK6            000600-0006FF              100
        BANK7            000700-0007FF              100
        BANK8            000800-0008FF              100
        BANK9            000900-0009FF              100
        BIGRAM           000071-00007F                F
                         0000ED-0000FF               13
                         0001C8-0001FF               38
                         000264-000F7F              D1C
        CODE             000004-000007                4
                         004332-00B7C7             7496
        COMRAM           000071-00007F                F
        CONST            000004-000007                4
                         004332-00B7C7             7496
        EEDATA           F00008-F003FF              3F8
        MEDIUMCONST      004332-00B7C7             7496
        RAM              0000ED-0000FF               13
                         0001C8-0001FF               38
                         000264-000F7F              100
        SFR              000F80-000FFF               80
        SMALLCONST       004332-00B7C7              100
        STACK            000264-000F7F              D1C

                                  Symbol Table

?___ftmul                            cstackCOMRAM 000020
?___ftpack                           cstackCOMRAM 00000F
?___fttol                            cstackCOMRAM 00002F
?___lldiv                            cstackCOMRAM 00000F
?___llmod                            cstackCOMRAM 00001C
?___lltoft                           cstackCOMRAM 000017
?___lmul                             cstackCOMRAM 00000F
?___lwdiv                            cstackCOMRAM 00000F
?___lwmod                            cstackCOMRAM 000016
?___wmul                             cstackCOMRAM 00000F
?__doprnt                            cstackCOMRAM 000025
?_bmp280ReadInt16                    cstackCOMRAM 000012
?_bmp280ReadInt32                    cstackCOMRAM 000012
?_bmp280ReadPressure                 cstackCOMRAM 000046
?_bmp280ReadTemp                     cstackCOMRAM 000046
?_printf                             cstackCOMRAM 00003B
?_sprintf                            cstackCOMRAM 00003B
Cmd7221@adr                          cstackCOMRAM 000012
Cmd7221@i                            cstackCOMRAM 000013
Cmd7221@val                          cstackCOMRAM 000011
DS3231_Read@address                  cstackCOMRAM 000012
DS3231_Read@value                    cstackCOMRAM 000013
DS3231_Write@address                 cstackCOMRAM 00001B
DS3231_Write@value                   cstackCOMRAM 00001A
EUSART_Read@readValue                cstackCOMRAM 00000F
EUSART_Write@txData                  cstackCOMRAM 00000F
FillBuf@i                            cstackCOMRAM 00002E
FillBuf@type                         cstackCOMRAM 00002D
I2C_Master_Read@a                    cstackCOMRAM 000010
I2C_Master_Read@temp                 cstackCOMRAM 000011
I2C_Master_Write@d                   cstackCOMRAM 000010
PL10                                 text39       00140A
PL100                                text78       000EBA
PL102                                text37       001D3E
PL104                                text63       0009EE
PL106                                text78       000EC4
PL108                                text63       000A00
PL110                                text63       000A12
PL112                                text39       001418
PL114                                text35       0026E2
PL116                                text88       00303C
PL118                                text23       001FFA
PL12                                 text74       001174
PL120                                text85       001EB6
PL122                                text39       00142A
PL124                                text39       00143A
PL126                                text37       001D48
PL128                                text39       00144A
PL130                                text39       00145A
PL132                                text6        0040C6
PL134                                text78       000ED6
PL136                                text71       002C3C
PL138                                text85       001EC0
PL14                                 text63       000894
PL140                                text27       0023A0
PL142                                text74       0011F0
PL144                                text106      00336C
PL146                                text74       0011FA
PL148                                text39       00146A
PL150                                text25       0019FC
PL152                                text29       002280
PL154                                text63       000A24
PL156                                text39       001474
PL158                                text88       00304C
PL16                                 text85       001E8A
PL160                                text23       00200A
PL162                                text31       0027DC
PL164                                text39       001480
PL166                                text29       00228A
PL168                                text23       002016
PL170                                text30       0028D4
PL172                                text28       0024BA
PL174                                text24       002AA2
PL176                                text49       00215C
PL178                                text120      002F12
PL18                                 text33       0025C8
PL180                                text37       001D52
PL182                                text63       000A30
PL184                                text35       0026EA
PL186                                text28       0024C4
PL188                                text105      0036D6
PL190                                text85       001ECE
PL192                                text71       002C4A
PL194                                text72       003276
PL196                                text105      0036E0
PL198                                text103      0032FC
PL2                                  text29       00225E
PL20                                 text74       001180
PL200                                text43       003DEC
PL202                                text72       003280
PL204                                text120      002F1C
PL206                                text106      003374
PL208                                text106      00337E
PL210                                text34       00169C
PL212                                text33       0025DC
PL214                                text63       000A3A
PL216                                text32       001BBA
PL218                                text78       000EE4
PL22                                 text63       00090C
PL220                                text106      003388
PL222                                text31       0027E6
PL224                                text27       0023A6
PL226                                text103      003306
PL228                                text30       0028DE
PL230                                text25       001A06
PL232                                text33       0025E6
PL234                                text27       0023B0
PL236                                text25       001A10
PL238                                text28       0024CE
PL24                                 text78       000E20
PL240                                text74       001204
PL242                                text74       00120C
PL244                                text57       003E1C
PL246                                text24       002AAC
PL248                                text37       001D5C
PL250                                text23       002022
PL252                                text67       002B82
PL254                                text120      002F26
PL26                                 text22       0029B4
PL28                                 text63       000926
PL30                                 text74       0011A4
PL32                                 text74       0011C6
PL34                                 text78       000E38
PL36                                 text120      002EDE
PL38                                 text120      002EEE
PL4                                  text34       001690
PL40                                 text27       002394
PL42                                 text85       001E96
PL44                                 text120      002F02
PL46                                 text28       0024A6
PL48                                 text28       0024B0
PL50                                 text22       0029C4
PL52                                 text63       000940
PL54                                 text74       0011D0
PL56                                 text78       000E44
PL58                                 text63       00094C
PL6                                  text37       001D34
PL60                                 text24       002A90
PL62                                 text78       000E52
PL64                                 text1        003172
PL66                                 text29       002272
PL68                                 text78       000E74
PL70                                 text63       00095E
PL72                                 text63       000970
PL74                                 text78       000E92
PL76                                 text63       000982
PL78                                 text63       00099E
PL8                                  text28       002492
PL80                                 text85       001EA0
PL82                                 text74       0011DC
PL84                                 text63       0009B8
PL86                                 text24       002A98
PL88                                 text78       000EA4
PL90                                 text63       0009C4
PL92                                 text88       00302E
PL94                                 text63       0009DA
PL96                                 text74       0011E6
PL98                                 text98       003E70
RTOS_DeleteTask@i                    cstackCOMRAM 000017
RTOS_DeleteTask@taskFunc             cstackCOMRAM 00000F
RTOS_DispatchTask@function           cstackCOMRAM 00005B
RTOS_DispatchTask@i                  cstackCOMRAM 00005E
RTOS_DispatchTask@j                  cstackCOMRAM 00005D
RTOS_SetTask@i                       cstackCOMRAM 000017
RTOS_SetTask@taskDelay               cstackCOMRAM 000011
RTOS_SetTask@taskFunc                cstackCOMRAM 00000F
RTOS_SetTask@taskPeriod              cstackCOMRAM 000013
Send_Byte_7221@dat                   cstackCOMRAM 00000F
Send_Byte_7221@i                     cstackCOMRAM 000010
Update_Matrix@buf                    cstackCOMRAM 000011
Update_Matrix@data                   cstackCOMRAM 000017
Update_Matrix@i                      cstackCOMRAM 000019
Update_Matrix@j                      cstackCOMRAM 000018
_ACKDT                               (abs)        007E2D
_ACKEN                               (abs)        007E2C
_ADCON0bits                          (abs)        000FC2
_ADCON1bits                          (abs)        000FC1
_ADCON2bits                          (abs)        000FC0
_ADRESH                              (abs)        000FC4
_ADRESL                              (abs)        000FC3
_BAUDCONbits                         (abs)        000FB8
_Cmd7221                             text76       0040D4
_DS3231_Read                         text108      003E7A
_DS3231_Write                        text47       004148
_DS3231_init                         text21       004272
_Dis_Buff                            bssBANK1     000188
_EEADR                               (abs)        000FA9
_EECON1bits                          (abs)        000FA6
_EECON2                              (abs)        000FA7
_EEDATA                              (abs)        000FA8
_EUSART_Read                         text43       003DCA
_EUSART_Receive_ISR                  text121      004070
_EUSART_Write                        text42       003C16
_FillBuf                             text74       000EEE
_Font                                mediumconst  00B844
_FontS                               mediumconst  00BE3E
_GetTime                             text26       003D9E
_I2C_Init                            text20       0041CC
_I2C_Master_Read                     text113      00404C
_I2C_Master_RepeatedStart            text112      004312
_I2C_Master_Start                    text111      00430A
_I2C_Master_Stop                     text110      004302
_I2C_Master_Wait                     text114      0042B4
_I2C_Master_Write                    text109      0042EE
_INT0_ISR                            text119      004094
_INTCON2                             (abs)        000FF1
_INTCON2bits                         (abs)        000FF1
_INTCONbits                          (abs)        000FF2
_INTERRUPT_InterruptManager          intcode      000008
_Init7221                            text19       003CB4
_Interrupt_Init                      text18       004320
_LATA                                (abs)        000F89
_LATB                                (abs)        000F8A
_LATC                                (abs)        000F8B
_LATCbits                            (abs)        000F8B
_LATD                                (abs)        000F8C
_LATDbits                            (abs)        000F8C
_PEN                                 (abs)        007E2A
_PIE1bits                            (abs)        000F9D
_PIE2bits                            (abs)        000FA0
_PIR1bits                            (abs)        000F9E
_PIR2bits                            (abs)        000FA1
_PORTB                               (abs)        000F81
_PORTCbits                           (abs)        000F82
_PORTDbits                           (abs)        000F83
_Port_Init                           text17       003AB4
_RCEN                                (abs)        007E2B
_RCREG                               (abs)        000FAE
_RCSTAbits                           (abs)        000FAB
_RSEN                                (abs)        007E29
_RTOS_DeleteTask                     text104      00317A
_RTOS_DispatchTask                   text22       0028E8
_RTOS_Init                           text16       004294
_RTOS_SetTask                        text103      00328A
_SEN                                 (abs)        007E28
_SPBRG                               (abs)        000FAF
_SPBRGH                              (abs)        000FB0
_SSPADD                              (abs)        000FC8
_SSPBUF                              (abs)        000FC9
_SSPCON1                             (abs)        000FC6
_SSPCON2                             (abs)        000FC5
_SSPSTAT                             (abs)        000FC7
_SYSTEM_Initialize                   text1        0030EA
_Send_Byte_7221                      text102      004028
_T0CON                               (abs)        000FD5
_T1CONbits                           (abs)        000FCD
_T3CONbits                           (abs)        000FB1
_TMR0                                (abs)        000FD6
_TMR0_ISR                            text118      0042C4
_TMR1H                               (abs)        000FCF
_TMR1L                               (abs)        000FCE
_TMR1_ISR                            text117      00423A
_TMR3H                               (abs)        000FB3
_TMR3L                               (abs)        000FB2
_TMR3_ISR                            text116      0040F2
_TMRInit                             text15       00412C
_TRISA                               (abs)        000F92
_TRISB                               (abs)        000F93
_TRISC                               (abs)        000F94
_TRISCbits                           (abs)        000F94
_TRISD                               (abs)        000F95
_TRISDbits                           (abs)        000F95
_TSTime                              bssCOMRAM    000060
_TTime                               bssBANK0     0000C3
_TXIF                                (abs)        007CF4
_TXREG                               (abs)        000FAD
_TXSTAbits                           (abs)        000FAC
_TaskArray                           bssBANK1     000100
_Timer0Interrupt                     bssBANK0     0000C2
_Update_Matrix                       text101      0035C4
__CFG_BOREN$SBORDIS                  (abs)        000000
__CFG_BORV$3                         (abs)        000000
__CFG_CCP2MX$PORTC                   (abs)        000000
__CFG_CP0$OFF                        (abs)        000000
__CFG_CP1$OFF                        (abs)        000000
__CFG_CP2$OFF                        (abs)        000000
__CFG_CPB$OFF                        (abs)        000000
__CFG_CPD$OFF                        (abs)        000000
__CFG_EBTR0$OFF                      (abs)        000000
__CFG_EBTR1$OFF                      (abs)        000000
__CFG_EBTR2$OFF                      (abs)        000000
__CFG_EBTRB$OFF                      (abs)        000000
__CFG_FCMEN$OFF                      (abs)        000000
__CFG_IESO$OFF                       (abs)        000000
__CFG_LPT1OSC$OFF                    (abs)        000000
__CFG_LVP$OFF                        (abs)        000000
__CFG_MCLRE$ON                       (abs)        000000
__CFG_OSC$HSPLL                      (abs)        000000
__CFG_PBADEN$OFF                     (abs)        000000
__CFG_PWRT$ON                        (abs)        000000
__CFG_STVREN$ON                      (abs)        000000
__CFG_WDT$OFF                        (abs)        000000
__CFG_WDTPS$32768                    (abs)        000000
__CFG_WRT0$OFF                       (abs)        000000
__CFG_WRT1$OFF                       (abs)        000000
__CFG_WRT2$OFF                       (abs)        000000
__CFG_WRTB$OFF                       (abs)        000000
__CFG_WRTC$OFF                       (abs)        000000
__CFG_WRTD$OFF                       (abs)        000000
__CFG_XINST$OFF                      (abs)        000000
__HRAM                               (abs)        000000
__Habs1                              abs1         000000
__Hbank0                             bank0        000000
__Hbank1                             bank1        000000
__Hbank10                            bank10       000000
__Hbank11                            bank11       000000
__Hbank12                            bank12       000000
__Hbank13                            bank13       000000
__Hbank14                            bank14       000000
__Hbank15                            bank15       000000
__Hbank2                             bank2        000000
__Hbank3                             bank3        000000
__Hbank4                             bank4        000000
__Hbank5                             bank5        000000
__Hbank6                             bank6        000000
__Hbank7                             bank7        000000
__Hbank8                             bank8        000000
__Hbank9                             bank9        000000
__Hbigbss                            bigbss       000000
__Hbigdata                           bigdata      000000
__Hbigram                            bigram       000000
__HbitbssCOMRAM                      bitbssCOMRAM 000000
__Hbss                               bss          000000
__HbssBANK0                          bssBANK0     000000
__HbssBANK1                          bssBANK1     000000
__HbssBANK2                          bssBANK2     000000
__HbssCOMRAM                         bssCOMRAM    000000
__Hcinit                             cinit        000000
__Hclrtext                           clrtext      000000
__Hcomram                            comram       000000
__Hconfig                            config       30000E
__Hconst                             const        000000
__HcstackBANK0                       cstackBANK0  000000
__HcstackBANK1                       cstackBANK1  000000
__HcstackCOMRAM                      cstackCOMRAM 000000
__Hdata                              data         000000
__HdataBANK0                         dataBANK0    000000
__HdataCOMRAM                        dataCOMRAM   000000
__Heeprom_data                       eeprom_data  F00008
__Hfarbss                            farbss       000000
__Hfardata                           fardata      000000
__Hibigdata                          ibigdata     000000
__Hidata                             idata        000000
__HidataBANK0                        idataBANK0   000000
__HidataCOMRAM                       idataCOMRAM  000000
__Hidloc                             idloc        200008
__Hifardata                          ifardata     000000
__Hinit                              init         000012
__Hintcode                           intcode      00000E
__Hintcode_body                      intcode_body 000000
__Hintcodelo                         intcodelo    00000E
__Hintentry                          intentry     000000
__Hintret                            intret       000000
__Hintsave_regs                      intsave_regs 000000
__Hirdata                            irdata       000000
__Hmediumconst                       mediumconst  00C000
__HnvFARRAM                          nvFARRAM     000000
__Hnvbit                             nvbit        000000
__Hnvrram                            nvrram       000000
__Hpa_nodes0                         pa_nodes0    000000
__Hparam                             rparam       000000
__Hpowerup                           powerup      00000E
__Hram                               ram          000000
__Hramtop                            ramtop       001000
__Hrbit                              rbit         000000
__Hrbss                              rbss         000000
__Hrdata                             rdata        000000
__Hreset_vec                         reset_vec    000004
__Hrparam                            rparam       000000
__Hsfr                               sfr          000000
__Hsmallconst                        smallconst   000000
__Hspace_0                           (abs)        F00008
__Hspace_1                           (abs)        00035C
__Hspace_2                           (abs)        000000
__Hstack                             stack        000000
__Hstruct                            struct       000000
__Htemp                              temp         000071
__Htext                              text         000000
__Htext0                             text0        000000
__Htext1                             text1        000000
__Htext10                            text10       000000
__Htext100                           text100      000000
__Htext101                           text101      000000
__Htext102                           text102      000000
__Htext103                           text103      000000
__Htext104                           text104      000000
__Htext105                           text105      000000
__Htext106                           text106      000000
__Htext107                           text107      000000
__Htext108                           text108      000000
__Htext109                           text109      000000
__Htext11                            text11       000000
__Htext110                           text110      000000
__Htext111                           text111      000000
__Htext112                           text112      000000
__Htext113                           text113      000000
__Htext114                           text114      000000
__Htext116                           text116      000000
__Htext117                           text117      000000
__Htext118                           text118      000000
__Htext119                           text119      000000
__Htext12                            text12       000000
__Htext120                           text120      000000
__Htext121                           text121      000000
__Htext122                           text122      000000
__Htext13                            text13       000000
__Htext14                            text14       000000
__Htext15                            text15       000000
__Htext16                            text16       000000
__Htext17                            text17       000000
__Htext18                            text18       000000
__Htext19                            text19       000000
__Htext2                             text2        000000
__Htext20                            text20       000000
__Htext21                            text21       000000
__Htext22                            text22       000000
__Htext23                            text23       000000
__Htext24                            text24       000000
__Htext25                            text25       000000
__Htext26                            text26       000000
__Htext27                            text27       000000
__Htext28                            text28       000000
__Htext29                            text29       000000
__Htext3                             text3        000000
__Htext30                            text30       000000
__Htext31                            text31       000000
__Htext32                            text32       000000
__Htext33                            text33       000000
__Htext34                            text34       000000
__Htext35                            text35       000000
__Htext36                            text36       000000
__Htext37                            text37       000000
__Htext38                            text38       000000
__Htext39                            text39       000000
__Htext4                             text4        000000
__Htext40                            text40       000000
__Htext41                            text41       000000
__Htext42                            text42       000000
__Htext43                            text43       000000
__Htext44                            text44       000000
__Htext45                            text45       000000
__Htext46                            text46       000000
__Htext47                            text47       000000
__Htext48                            text48       000000
__Htext49                            text49       000000
__Htext5                             text5        000000
__Htext50                            text50       000000
__Htext51                            text51       000000
__Htext52                            text52       000000
__Htext53                            text53       000000
__Htext54                            text54       000000
__Htext55                            text55       000000
__Htext56                            text56       000000
__Htext57                            text57       000000
__Htext58                            text58       000000
__Htext59                            text59       000000
__Htext6                             text6        000000
__Htext60                            text60       000000
__Htext61                            text61       000000
__Htext62                            text62       000000
__Htext63                            text63       000000
__Htext64                            text64       000000
__Htext65                            text65       000000
__Htext66                            text66       000000
__Htext67                            text67       000000
__Htext68                            text68       000000
__Htext69                            text69       000000
__Htext7                             text7        000000
__Htext70                            text70       000000
__Htext71                            text71       000000
__Htext72                            text72       000000
__Htext73                            text73       000000
__Htext74                            text74       000000
__Htext75                            text75       000000
__Htext76                            text76       000000
__Htext77                            text77       000000
__Htext78                            text78       000000
__Htext79                            text79       000000
__Htext8                             text8        000000
__Htext80                            text80       000000
__Htext81                            text81       000000
__Htext82                            text82       000000
__Htext83                            text83       000000
__Htext84                            text84       000000
__Htext85                            text85       000000
__Htext86                            text86       000000
__Htext87                            text87       000000
__Htext88                            text88       000000
__Htext89                            text89       000000
__Htext9                             text9        000000
__Htext90                            text90       000000
__Htext91                            text91       000000
__Htext92                            text92       000000
__Htext93                            text93       000000
__Htext94                            text94       000000
__Htext95                            text95       000000
__Htext96                            text96       000000
__Htext97                            text97       000000
__Htext98                            text98       000000
__Htext99                            text99       000000
__LRAM                               (abs)        000001
__Labs1                              abs1         000000
__Lbank0                             bank0        000000
__Lbank1                             bank1        000000
__Lbank10                            bank10       000000
__Lbank11                            bank11       000000
__Lbank12                            bank12       000000
__Lbank13                            bank13       000000
__Lbank14                            bank14       000000
__Lbank15                            bank15       000000
__Lbank2                             bank2        000000
__Lbank3                             bank3        000000
__Lbank4                             bank4        000000
__Lbank5                             bank5        000000
__Lbank6                             bank6        000000
__Lbank7                             bank7        000000
__Lbank8                             bank8        000000
__Lbank9                             bank9        000000
__Lbigbss                            bigbss       000000
__Lbigdata                           bigdata      000000
__Lbigram                            bigram       000000
__LbitbssCOMRAM                      bitbssCOMRAM 000000
__Lbss                               bss          000000
__LbssBANK0                          bssBANK0     000000
__LbssBANK1                          bssBANK1     000000
__LbssBANK2                          bssBANK2     000000
__LbssCOMRAM                         bssCOMRAM    000000
__Lcinit                             cinit        000000
__Lclrtext                           clrtext      000000
__Lcomram                            comram       000000
__Lconfig                            config       300000
__Lconst                             const        000000
__LcstackBANK0                       cstackBANK0  000000
__LcstackBANK1                       cstackBANK1  000000
__LcstackCOMRAM                      cstackCOMRAM 000000
__Ldata                              data         000000
__LdataBANK0                         dataBANK0    000000
__LdataCOMRAM                        dataCOMRAM   000000
__Leeprom_data                       eeprom_data  F00000
__Lfarbss                            farbss       000000
__Lfardata                           fardata      000000
__Libigdata                          ibigdata     000000
__Lidata                             idata        000000
__LidataBANK0                        idataBANK0   000000
__LidataCOMRAM                       idataCOMRAM  000000
__Lidloc                             idloc        200000
__Lifardata                          ifardata     000000
__Linit                              init         00000E
__Lintcode                           intcode      000008
__Lintcode_body                      intcode_body 000000
__Lintcodelo                         intcodelo    00000E
__Lintentry                          intentry     000000
__Lintret                            intret       000000
__Lintsave_regs                      intsave_regs 000000
__Lirdata                            irdata       000000
__Lmediumconst                       mediumconst  00B7C8
__LnvFARRAM                          nvFARRAM     000000
__Lnvbit                             nvbit        000000
__Lnvrram                            nvrram       000000
__Lpa_nodes0                         pa_nodes0    000000
__Lparam                             rparam       000000
__Lpowerup                           powerup      00000E
__Lram                               ram          000000
__Lramtop                            ramtop       001000
__Lrbit                              rbit         000000
__Lrbss                              rbss         000000
__Lrdata                             rdata        000000
__Lreset_vec                         reset_vec    000000
__Lrparam                            rparam       000000
__Lsfr                               sfr          000000
__Lsmallconst                        smallconst   000000
__Lspace_0                           (abs)        000000
__Lspace_1                           (abs)        000000
__Lspace_2                           (abs)        000000
__Lstack                             stack        000000
__Lstruct                            struct       000000
__Ltemp                              temp         000070
__Ltext                              text         000000
__Ltext0                             text0        000000
__Ltext1                             text1        000000
__Ltext10                            text10       000000
__Ltext100                           text100      000000
__Ltext101                           text101      000000
__Ltext102                           text102      000000
__Ltext103                           text103      000000
__Ltext104                           text104      000000
__Ltext105                           text105      000000
__Ltext106                           text106      000000
__Ltext107                           text107      000000
__Ltext108                           text108      000000
__Ltext109                           text109      000000
__Ltext11                            text11       000000
__Ltext110                           text110      000000
__Ltext111                           text111      000000
__Ltext112                           text112      000000
__Ltext113                           text113      000000
__Ltext114                           text114      000000
__Ltext116                           text116      000000
__Ltext117                           text117      000000
__Ltext118                           text118      000000
__Ltext119                           text119      000000
__Ltext12                            text12       000000
__Ltext120                           text120      000000
__Ltext121                           text121      000000
__Ltext122                           text122      000000
__Ltext13                            text13       000000
__Ltext14                            text14       000000
__Ltext15                            text15       000000
__Ltext16                            text16       000000
__Ltext17                            text17       000000
__Ltext18                            text18       000000
__Ltext19                            text19       000000
__Ltext2                             text2        000000
__Ltext20                            text20       000000
__Ltext21                            text21       000000
__Ltext22                            text22       000000
__Ltext23                            text23       000000
__Ltext24                            text24       000000
__Ltext25                            text25       000000
__Ltext26                            text26       000000
__Ltext27                            text27       000000
__Ltext28                            text28       000000
__Ltext29                            text29       000000
__Ltext3                             text3        000000
__Ltext30                            text30       000000
__Ltext31                            text31       000000
__Ltext32                            text32       000000
__Ltext33                            text33       000000
__Ltext34                            text34       000000
__Ltext35                            text35       000000
__Ltext36                            text36       000000
__Ltext37                            text37       000000
__Ltext38                            text38       000000
__Ltext39                            text39       000000
__Ltext4                             text4        000000
__Ltext40                            text40       000000
__Ltext41                            text41       000000
__Ltext42                            text42       000000
__Ltext43                            text43       000000
__Ltext44                            text44       000000
__Ltext45                            text45       000000
__Ltext46                            text46       000000
__Ltext47                            text47       000000
__Ltext48                            text48       000000
__Ltext49                            text49       000000
__Ltext5                             text5        000000
__Ltext50                            text50       000000
__Ltext51                            text51       000000
__Ltext52                            text52       000000
__Ltext53                            text53       000000
__Ltext54                            text54       000000
__Ltext55                            text55       000000
__Ltext56                            text56       000000
__Ltext57                            text57       000000
__Ltext58                            text58       000000
__Ltext59                            text59       000000
__Ltext6                             text6        000000
__Ltext60                            text60       000000
__Ltext61                            text61       000000
__Ltext62                            text62       000000
__Ltext63                            text63       000000
__Ltext64                            text64       000000
__Ltext65                            text65       000000
__Ltext66                            text66       000000
__Ltext67                            text67       000000
__Ltext68                            text68       000000
__Ltext69                            text69       000000
__Ltext7                             text7        000000
__Ltext70                            text70       000000
__Ltext71                            text71       000000
__Ltext72                            text72       000000
__Ltext73                            text73       000000
__Ltext74                            text74       000000
__Ltext75                            text75       000000
__Ltext76                            text76       000000
__Ltext77                            text77       000000
__Ltext78                            text78       000000
__Ltext79                            text79       000000
__Ltext8                             text8        000000
__Ltext80                            text80       000000
__Ltext81                            text81       000000
__Ltext82                            text82       000000
__Ltext83                            text83       000000
__Ltext84                            text84       000000
__Ltext85                            text85       000000
__Ltext86                            text86       000000
__Ltext87                            text87       000000
__Ltext88                            text88       000000
__Ltext89                            text89       000000
__Ltext9                             text9        000000
__Ltext90                            text90       000000
__Ltext91                            text91       000000
__Ltext92                            text92       000000
__Ltext93                            text93       000000
__Ltext94                            text94       000000
__Ltext95                            text95       000000
__Ltext96                            text96       000000
__Ltext97                            text97       000000
__Ltext98                            text98       000000
__Ltext99                            text99       000000
__S0                                 (abs)        F00008
__S1                                 (abs)        000264
__S2                                 (abs)        000000
___ftmul                             text71       002B8A
___ftmul@cntr                        cstackCOMRAM 00002D
___ftmul@exp                         cstackCOMRAM 000029
___ftmul@f1                          cstackCOMRAM 000020
___ftmul@f2                          cstackCOMRAM 000023
___ftmul@f3_as_product               cstackCOMRAM 00002A
___ftmul@sign                        cstackCOMRAM 00002E
___ftpack                            text72       003204
___ftpack@arg                        cstackCOMRAM 00000F
___ftpack@exp                        cstackCOMRAM 000012
___ftpack@sign                       cstackCOMRAM 000013
___fttol                             text70       002C52
___fttol@exp1                        cstackCOMRAM 00003D
___fttol@f1                          cstackCOMRAM 00002F
___fttol@lval                        cstackCOMRAM 000039
___fttol@sign1                       cstackCOMRAM 000038
___inthi_sp                          stack        000000
___intlo_sp                          stack        000000
___lbdiv                             text95       003C80
___lbdiv@counter                     cstackCOMRAM 000011
___lbdiv@dividend                    cstackCOMRAM 000010
___lbdiv@divisor                     cstackCOMRAM 00000F
___lbdiv@quotient                    cstackCOMRAM 000012
___lbmod                             text94       003F96
___lbmod@counter                     cstackCOMRAM 000015
___lbmod@dividend                    cstackCOMRAM 000014
___lbmod@divisor                     cstackCOMRAM 000013
___lbmod@rem                         cstackCOMRAM 000016
___lldiv                             text83       00340A
___lldiv@counter                     cstackCOMRAM 00001B
___lldiv@dividend                    cstackCOMRAM 00000F
___lldiv@divisor                     cstackCOMRAM 000013
___lldiv@quotient                    cstackCOMRAM 000017
___llmod                             text82       00362A
___llmod@counter                     cstackCOMRAM 000024
___llmod@dividend                    cstackCOMRAM 00001C
___llmod@divisor                     cstackCOMRAM 000020
___lltoft                            text69       0039D2
___lltoft@c                          cstackCOMRAM 000017
___lltoft@exp                        cstackCOMRAM 00001F
___lmul                              text68       003986
___lmul@multiplicand                 cstackCOMRAM 000013
___lmul@multiplier                   cstackCOMRAM 00000F
___lmul@product                      cstackCOMRAM 000017
___lwdiv                             text90       003A6A
___lwdiv@counter                     cstackCOMRAM 000013
___lwdiv@dividend                    cstackCOMRAM 00000F
___lwdiv@divisor                     cstackCOMRAM 000011
___lwdiv@quotient                    cstackCOMRAM 000014
___lwmod                             text89       003AF2
___lwmod@counter                     cstackCOMRAM 00001A
___lwmod@dividend                    cstackCOMRAM 000016
___lwmod@divisor                     cstackCOMRAM 000018
___param_bank                        (abs)        000000
___rparam_used                       (abs)        000001
___sp                                stack        000000
___wmul                              text81       003F70
___wmul@multiplicand                 cstackCOMRAM 000011
___wmul@multiplier                   cstackCOMRAM 00000F
___wmul@product                      cstackCOMRAM 000013
__accesstop                          (abs)        000080
__activetblptr                       (abs)        000002
__doprnt                             text78       000A44
__doprnt@ap                          cstackCOMRAM 000028
__doprnt@c                           cstackCOMRAM 00003A
__doprnt@cp                          cstackCOMRAM 00002E
__doprnt@f                           cstackCOMRAM 000026
__doprnt@flag                        cstackCOMRAM 000037
__doprnt@idx                         cstackCOMRAM 00002D
__doprnt@len                         cstackCOMRAM 000031
__doprnt@pb                          cstackCOMRAM 000025
__doprnt@prec                        cstackCOMRAM 00002F
__doprnt@val                         cstackCOMRAM 000033
__doprnt@width                       cstackCOMRAM 000038
__end_ofPL10                         text39       001418
__end_ofPL100                        text78       000EC4
__end_ofPL102                        text37       001D48
__end_ofPL104                        text63       000A00
__end_ofPL106                        text78       000ED6
__end_ofPL108                        text63       000A12
__end_ofPL110                        text63       000A24
__end_ofPL112                        text39       00142A
__end_ofPL114                        text35       0026EA
__end_ofPL116                        text88       00304C
__end_ofPL118                        text23       00200A
__end_ofPL12                         text74       001180
__end_ofPL120                        text85       001EC0
__end_ofPL122                        text39       00143A
__end_ofPL124                        text39       00144A
__end_ofPL126                        text37       001D52
__end_ofPL128                        text39       00145A
__end_ofPL130                        text39       00146A
__end_ofPL132                        text6        0040D4
__end_ofPL134                        text78       000EE4
__end_ofPL136                        text71       002C4A
__end_ofPL138                        text85       001ECE
__end_ofPL14                         text63       00090C
__end_ofPL140                        text27       0023A6
__end_ofPL142                        text74       0011FA
__end_ofPL144                        text106      003374
__end_ofPL146                        text74       001204
__end_ofPL148                        text39       001474
__end_ofPL150                        text25       001A06
__end_ofPL152                        text29       00228A
__end_ofPL154                        text63       000A30
__end_ofPL156                        text39       001480
__end_ofPL158                        text88       003058
__end_ofPL16                         text85       001E96
__end_ofPL160                        text23       002016
__end_ofPL162                        text31       0027E6
__end_ofPL164                        text39       00148C
__end_ofPL166                        text29       002294
__end_ofPL168                        text23       002022
__end_ofPL170                        text30       0028DE
__end_ofPL172                        text28       0024C4
__end_ofPL174                        text24       002AAC
__end_ofPL176                        text49       002164
__end_ofPL178                        text120      002F1C
__end_ofPL18                         text33       0025DC
__end_ofPL180                        text37       001D5C
__end_ofPL182                        text63       000A3A
__end_ofPL184                        text35       0026F4
__end_ofPL186                        text28       0024CE
__end_ofPL188                        text105      0036E0
__end_ofPL190                        text85       001ED8
__end_ofPL192                        text71       002C52
__end_ofPL194                        text72       003280
__end_ofPL196                        text105      0036EA
__end_ofPL198                        text103      003306
__end_ofPL2                          text29       002272
__end_ofPL20                         text74       0011A4
__end_ofPL200                        text43       003DF6
__end_ofPL202                        text72       00328A
__end_ofPL204                        text120      002F26
__end_ofPL206                        text106      00337E
__end_ofPL208                        text106      003388
__end_ofPL210                        text34       0016A6
__end_ofPL212                        text33       0025E6
__end_ofPL214                        text63       000A44
__end_ofPL216                        text32       001BC4
__end_ofPL218                        text78       000EEE
__end_ofPL22                         text63       000926
__end_ofPL220                        text106      003392
__end_ofPL222                        text31       0027F0
__end_ofPL224                        text27       0023B0
__end_ofPL226                        text103      003310
__end_ofPL228                        text30       0028E8
__end_ofPL230                        text25       001A10
__end_ofPL232                        text33       0025EE
__end_ofPL234                        text27       0023B6
__end_ofPL236                        text25       001A18
__end_ofPL238                        text28       0024D4
__end_ofPL24                         text78       000E38
__end_ofPL240                        text74       00120C
__end_ofPL242                        text74       001214
__end_ofPL244                        text57       003E22
[...]
      Locals:         0       0       0       0       0       0       0       0       0       0       0       0       0       0       0       0       0
      Temps:          0       0       0       0       0       0       0       0       0       0       0       0       0       0       0       0       0
      Totals:         0       0       0       0       0       0       0       0       0       0       0       0       0       0       0       0       0
Total ram usage:        0 bytes
 Hardware stack levels used:    1
 Hardware stack levels required when called:    1
 This function calls:
		i2_RTOS_SetTask
 This function is called by:
		_INTERRUPT_InterruptManager
 This function uses a non-reentrant model


 *************** function i2_RTOS_SetTask *****************
 Defined at:
		line 22 in file "dispatcher.c"
 Parameters:    Size  Location     Type
  taskFunc        2    0[COMRAM] PTR FTN()void 
		 -> pressure(1), radio_temp(1), home_temp(1), set_brg_manual(1), 
		 -> brg_set(1), set_type_clk(1), set_font_set(1), time_set_dy(1), 
		 -> time_set_dt(1), time_set_mt(1), time_set_yr(1), default_state(1), 
		 -> time_set_hr(1), time_set_min(1), GetTime(1), usart_r(1), 
		 -> key_press(1), time_led(1), 
  taskDelay       2    2[COMRAM] unsigned int 
  taskPeriod      2    4[COMRAM] unsigned int 
 Auto vars:     Size  Location     Type
  RTOS_SetTask    1    8[COMRAM] unsigned char 
 Return value:  Size  Location     Type
                  1    wreg      void 
 Registers used:
		wreg, fsr2l, fsr2h, status,2, status,0, prodl, prodh
 Tracked objects:
		On entry : 
		On exit  : 
		Unchanged: 
 Data sizes:     COMRAM   BANK0   BANK1   BANK2   BANK3   BANK4   BANK5   BANK6   BANK7   BANK8   BANK9  BANK10  BANK11  BANK12  BANK13  BANK14  BANK15
      Params:         6       0       0       0       0       0       0       0       0       0       0       0       0       0       0       0       0
      Locals:         1       0       0       0       0       0       0       0       0       0       0       0       0       0       0       0       0
      Temps:          2       0       0       0       0       0       0       0       0       0       0       0       0       0       0       0       0
      Totals:         9       0       0       0       0       0       0       0       0       0       0       0       0       0       0       0       0
Total ram usage:        9 bytes
 Hardware stack levels used:    1
 This function calls:
		Nothing
 This function is called by:
		_INT0_ISR
 This function uses a non-reentrant model


 *************** function _EUSART_Receive_ISR *****************
 Defined at:
		line 116 in file "eusart.c"
 Parameters:    Size  Location     Type
		None
 Auto vars:     Size  Location     Type
		None
 Return value:  Size  Location     Type
                  1    wreg      void 
 Registers used:
		wreg, fsr2l, fsr2h, status,2, status,0
 Tracked objects:
		On entry : 
		On exit  : 
		Unchanged: 
 Data sizes:     COMRAM   BANK0   BANK1   BANK2   BANK3   BANK4   BANK5   BANK6   BANK7   BANK8   BANK9  BANK10  BANK11  BANK12  BANK13  BANK14  BANK15
      Params:         0       0       0       0       0       0       0       0       0       0       0       0       0       0       0       0       0
      Locals:         0       0       0       0       0       0       0       0       0       0       0       0       0       0       0       0       0
      Temps:          0       0       0       0       0       0       0       0       0       0       0       0       0       0       0       0       0
      Totals:         0       0       0       0       0       0       0       0       0       0       0       0       0       0       0       0       0
Total ram usage:        0 bytes
 Hardware stack levels used:    1
 This function calls:
		Nothing
 This function is called by:
		_INTERRUPT_InterruptManager
 This function uses a non-reentrant model



MODULE INFORMATION

Module		Function		Class		Link	Load	Size
C:\Program Files (x86)\Microchip\xc8\v1.44\sources\common\lbdiv.c
		___lbdiv       		CODE           	3C80	0000	53

C:\Program Files (x86)\Microchip\xc8\v1.44\sources\common\lbdiv.c estimated size: 53

C:\Program Files (x86)\Microchip\xc8\v1.44\sources\common\lwmod.c
		___lwmod       		CODE           	3AF2	0000	63

C:\Program Files (x86)\Microchip\xc8\v1.44\sources\common\lwmod.c estimated size: 63

C:\Program Files (x86)\Microchip\xc8\v1.44\sources\common\llmod.c
		___llmod       		CODE           	362A	0000	99

C:\Program Files (x86)\Microchip\xc8\v1.44\sources\common\llmod.c estimated size: 99

eusart.c
		_putch         		CODE           	42E2	0000	13
		_EUSART_Read   		CODE           	3DCA	0000	35
		_EUSART_Write  		CODE           	3C16	0000	55
		_init_uart     		CODE           	3EA6	0000	43
		_EUSART_Receive_ISR		CODE           	4070	0000	37
		_reinit_rx     		CODE           	42FA	0000	9

eusart.c estimated size: 192

C:\Program Files (x86)\Microchip\xc8\v1.44\sources\common\lltoft.c
		___lltoft      		CODE           	39D2	0000	77

C:\Program Files (x86)\Microchip\xc8\v1.44\sources\common\lltoft.c estimated size: 77

C:\Program Files (x86)\Microchip\xc8\v1.44\sources\common\ftmul.c
		___ftmul       		CODE           	2B8A	0000	179

C:\Program Files (x86)\Microchip\xc8\v1.44\sources\common\ftmul.c estimated size: 179

timer.c
		_TMRInit       		CODE           	412C	0000	29

timer.c estimated size: 29

i2c.c
		_I2C_Master_Read		CODE           	404C	0000	37
		_I2C_Master_Wait		CODE           	42B4	0000	17
		_I2C_Master_Stop		CODE           	4302	0000	9
		_I2C_Master_RepeatedStart		CODE           	4312	0000	9
		_I2C_Init      		CODE           	41CC	0000	23
		_I2C_Master_Write		CODE           	42EE	0000	13
		_I2C_Master_Start		CODE           	430A	0000	9

i2c.c estimated size: 117

dispatcher.c
		_RTOS_DeleteTask		CODE           	317A	0000	139
		_RTOS_Init     		CODE           	4294	0000	17
		_RTOS_DispatchTask		CODE           	28E8	0000	205
		_RTOS_SetTask  		CODE           	328A	0000	115
		_TMR0_ISR      		CODE           	42C4	0000	17

dispatcher.c estimated size: 493

C:\Program Files (x86)\Microchip\xc8\v1.44\sources\common\lwdiv.c
		___lwdiv       		CODE           	3A6A	0000	75

C:\Program Files (x86)\Microchip\xc8\v1.44\sources\common\lwdiv.c estimated size: 75

C:\Program Files (x86)\Microchip\xc8\v1.44\sources\common\doprnt.c
		__doprnt       		CODE           	0A44	0000	989

C:\Program Files (x86)\Microchip\xc8\v1.44\sources\common\doprnt.c estimated size: 989

eeprom.c
		_read_eep      		CODE           	424E	0000	19
		_write_eep     		CODE           	4004	0000	37

eeprom.c estimated size: 56

C:\Program Files (x86)\Microchip\xc8\v1.44\sources\common\lldiv.c
		___lldiv       		CODE           	340A	0000	119

C:\Program Files (x86)\Microchip\xc8\v1.44\sources\common\lldiv.c estimated size: 119

key.c
		_key_press     		CODE           	393A	0000	77

key.c estimated size: 77

ds3231.c
		_DS3231_Read   		CODE           	3E7A	0000	45
		_DS3231_init   		CODE           	4272	0000	19
		_DS3231_Write  		CODE           	4148	0000	29
		_getDate       		CODE           	3310	0000	93
		_decimal_to_bcd		CODE           	3F4A	0000	39
		_setDate       		CODE           	3B6C	0000	59
		_bcd_to_decimal		CODE           	4224	0000	23
		_getTime       		CODE           	368C	0000	75
		_setTime       		CODE           	3D42	0000	47

ds3231.c estimated size: 429

BMP_280.c
		_bmp280_Init   		CODE           	16A6	0000	451
		_bmp280WriteByte		CODE           	4110	0000	29
		_bmp280ReadTemp		CODE           	3746	0000	91
		_bmp280ReadInt32		CODE           	2AB2	0000	209
		_bmp280ReadInt16		CODE           	38EE	0000	77
		_bmp280ReadPressure		CODE           	37A0	0000	91
		_bmp280Convert 		CODE           	0012	0000	2179

BMP_280.c estimated size: 3127

C:\Program Files (x86)\Microchip\xc8\v1.44\sources\common\Umul16.c
		___wmul        		CODE           	3F70	0000	39

C:\Program Files (x86)\Microchip\xc8\v1.44\sources\common\Umul16.c estimated size: 39

max7221.c
		_Update_Matrix 		CODE           	35C4	0000	103
		_Cmd7221       		CODE           	40D4	0000	31
		_Init7221      		CODE           	3CB4	0000	49
		_Send_Byte_7221		CODE           	4028	0000	37

max7221.c estimated size: 220

nrf24l01p.c
		_nrf24_getData 		CODE           	419C	0000	25
		_nrf24_tx_address		CODE           	40B6	0000	17
		_nrf24_init    		CODE           	2F2C	0000	155
		_nrf24_dataReady		CODE           	41F8	0000	23
		_nrf24_write_reg		CODE           	41E2	0000	23
		_nrf24_write_buf		CODE           	3D14	0000	47
		_nrf24_getStatus		CODE           	42A4	0000	17
		_nrf24_powerUpRx		CODE           	3C4C	0000	53
		_nrf24_rx_address		CODE           	4260	0000	19
		_nrf24_read_reg		CODE           	41B4	0000	25
		_nrf24_read_buf		CODE           	3DF6	0000	39
		_nrf24_rxFifoEmpty		CODE           	42D4	0000	15

nrf24l01p.c estimated size: 458

C:\Program Files (x86)\Microchip\xc8\v1.44\sources\common\fttol.c
		___fttol       		CODE           	2C52	0000	185

C:\Program Files (x86)\Microchip\xc8\v1.44\sources\common\fttol.c estimated size: 185

spi.c
		_spi_init      		CODE           	4284	0000	17
		_spi_rw        		CODE           	3ED0	0000	43

spi.c estimated size: 60

onewire.c
		_ow_reset      		CODE           	3B30	0000	61
		_read_bit      		CODE           	4164	0000	29
		_read_byte     		CODE           	3BDE	0000	57
		_write_bit     		CODE           	3FBC	0000	37
		_write_byte    		CODE           	3BA6	0000	57

onewire.c estimated size: 241

interrupt.c
		_INTERRUPT_InterruptManager		CODE           	0008	0000	153

interrupt.c estimated size: 153

shared
		PL12           		CODE           	1174	0000	13
		PL50           		CODE           	29C4	0000	15
		PL8            		CODE           	2492	0000	21
		PL22           		CODE           	090C	0000	27
		PL60           		CODE           	2A90	0000	9
		_dFont2        		MEDIUMCONST    	BDDA	0000	51
		PL178          		CODE           	2F12	0000	11
		PL100          		CODE           	0EBA	0000	11
		PL32           		CODE           	11C6	0000	11
		PL70           		CODE           	095E	0000	19
		_dFont5        		MEDIUMCONST    	BD44	0000	51
		PL200          		CODE           	3DEC	0000	11
		PL42           		CODE           	1E96	0000	11
		PL80           		CODE           	1EA0	0000	23
		PL188          		CODE           	36D6	0000	11
		PL110          		CODE           	0A12	0000	19
		PL14           		CODE           	0894	0000	121
		PL52           		CODE           	0940	0000	13
		PL90           		CODE           	09C4	0000	23
		PL210          		CODE           	169C	0000	11
		PL24           		CODE           	0E20	0000	25
		PL62           		CODE           	0E52	0000	35
		PL198          		CODE           	32FC	0000	11
		PL120          		CODE           	1EB6	0000	11
		PL34           		CODE           	0E38	0000	13
		PL72           		CODE           	0970	0000	19
		_nrf_tx_address		MEDIUMCONST    	BE64	0000	6
		PL220          		CODE           	3388	0000	11
		PL44           		CODE           	2F02	0000	17
		PL82           		CODE           	11DC	0000	11
		PL130          		CODE           	145A	0000	17
		PL16           		CODE           	1E8A	0000	13
		PL54           		CODE           	11D0	0000	13
		PL92           		CODE           	302E	0000	15
		_FontS         		MEDIUMCONST    	BE3E	0000	34
		PL230          		CODE           	1A06	0000	11
		PL26           		CODE           	29B4	0000	17
		PL64           		CODE           	3172	0000	9
		PL102          		CODE           	1D3E	0000	11
		PL140          		CODE           	23A0	0000	7
		PL36           		CODE           	2EDE	0000	17
		PL74           		CODE           	0E92	0000	19
		i2_RTOS_SetTask		CODE           	2E7A	0000	101
		PL202          		CODE           	3280	0000	11
		PL240          		CODE           	1204	0000	9
		PL46           		CODE           	24A6	0000	11
		PL84           		CODE           	09B8	0000	13
		_fract         		MEDIUMCONST    	B834	0000	17
		_dpowers       		MEDIUMCONST    	B7C9	0000	41
		PL112          		CODE           	1418	0000	19
		PL150          		CODE           	19FC	0000	11
		PL18           		CODE           	25C8	0000	21
		PL56           		CODE           	0E44	0000	15
		PL94           		CODE           	09DA	0000	21
		PL212          		CODE           	25DC	0000	11
		PL250          		CODE           	2022	0000	7
		PL28           		CODE           	0926	0000	27
		PL66           		CODE           	2272	0000	15
		PL122          		CODE           	142A	0000	17
		PL160          		CODE           	200A	0000	13
		PL38           		CODE           	2EEE	0000	21
		PL76           		CODE           	0982	0000	29
		PL222          		CODE           	27E6	0000	11
		PL48           		CODE           	24B0	0000	11
		PL86           		CODE           	2A98	0000	11
		PL132          		CODE           	40C6	0000	15
		PL170          		CODE           	28D4	0000	11
		PL58           		CODE           	094C	0000	19
		PL96           		CODE           	11E6	0000	11
		PL232          		CODE           	25E6	0000	9
		PL68           		CODE           	0E74	0000	31
		_dFont3        		MEDIUMCONST    	BDA8	0000	51
		PL104          		CODE           	09EE	0000	19
		PL142          		CODE           	11F0	0000	11
		PL180          		CODE           	1D52	0000	11
		PL78           		CODE           	099E	0000	27
		PL204          		CODE           	2F1C	0000	11
		PL242          		CODE           	120C	0000	9
		PL88           		CODE           	0EA4	0000	23
		_pic7x8        		MEDIUMCONST    	B7F1	0000	36
		PL114          		CODE           	26E2	0000	9
		PL152          		CODE           	2280	0000	11
		PL190          		CODE           	1ECE	0000	11
		PL98           		CODE           	3E70	0000	11
		PL214          		CODE           	0A3A	0000	11
		PL252          		CODE           	2B82	0000	9
		PL124          		CODE           	143A	0000	17
		PL162          		CODE           	27DC	0000	11
		__initialization		CODE           	3392	0000	107
		PL224          		CODE           	23A6	0000	11
		PL134          		CODE           	0ED6	0000	15
		PL172          		CODE           	24BA	0000	11
		PL234          		CODE           	23B0	0000	7
		PL106          		CODE           	0EC4	0000	19
		PL144          		CODE           	336C	0000	9
		PL182          		CODE           	0A30	0000	11
		PL206          		CODE           	3374	0000	11
		PL244          		CODE           	3E1C	0000	7
		PL116          		CODE           	303C	0000	17
		PL154          		CODE           	0A24	0000	13
		PL192          		CODE           	2C4A	0000	9
		PL216          		CODE           	1BBA	0000	11
		PL254          		CODE           	2F26	0000	7
		PL126          		CODE           	1D48	0000	11
		PL164          		CODE           	1480	0000	13
		_hexpowers     		MEDIUMCONST    	B814	0000	33
		PL226          		CODE           	3306	0000	11
		_dFont1        		MEDIUMCONST    	BE0C	0000	51
		PL136          		CODE           	2C3C	0000	15
		PL174          		CODE           	2AA2	0000	11
		PL236          		CODE           	1A10	0000	9
		_dFont4        		MEDIUMCONST    	BD76	0000	51
		PL108          		CODE           	0A00	0000	19
		PL146          		CODE           	11FA	0000	11
		PL184          		CODE           	26EA	0000	11
		PL208          		CODE           	337E	0000	11
		PL246          		CODE           	2AAC	0000	7
		PL118          		CODE           	1FFA	0000	17
		PL156          		CODE           	1474	0000	13
		PL194          		CODE           	3276	0000	11
		_nrf_rx_address		MEDIUMCONST    	BE5F	0000	6
		PL218          		CODE           	0EE4	0000	11
		PL128          		CODE           	144A	0000	17
		PL166          		CODE           	228A	0000	11
		PL228          		CODE           	28DE	0000	11
		PL138          		CODE           	1EC0	0000	15
		PL176          		CODE           	215C	0000	9
		PL2            		CODE           	225E	0000	21
		PL238          		CODE           	24CE	0000	7
		PL148          		CODE           	146A	0000	11
		PL186          		CODE           	24C4	0000	11
		_Font          		MEDIUMCONST    	B844	0000	1281
		PL10           		CODE           	140A	0000	15
		PL4            		CODE           	1690	0000	13
		PL248          		CODE           	1D5C	0000	9
		PL20           		CODE           	1180	0000	37
		PL158          		CODE           	304C	0000	13
		PL196          		CODE           	36E0	0000	11
		PL30           		CODE           	11A4	0000	35
		PL6            		CODE           	1D34	0000	11
		PL40           		CODE           	2394	0000	13
		PL168          		CODE           	2016	0000	13

shared estimated size: 3822

C:\Program Files (x86)\Microchip\xc8\v1.44\sources\common\lbmod.c
		___lbmod       		CODE           	3F96	0000	39

C:\Program Files (x86)\Microchip\xc8\v1.44\sources\common\lbmod.c estimated size: 39

ds18b20.c
		_init_ds18b20  		CODE           	3EFA	0000	41
		_readTemp_Single		CODE           	2028	0000	309

ds18b20.c estimated size: 350

display.c
		_scroll_right  		CODE           	36EA	0000	93
		_putchar_down  		CODE           	2DC2	0000	185
		_putchar_b_buf 		CODE           	355A	0000	107
		_putchar_down_s		CODE           	2D0A	0000	185
		_pic_to_led    		CODE           	34F0	0000	107
		_clear_matrix  		CODE           	420E	0000	23
		_FillBuf       		CODE           	0EEE	0000	647
		_interval_scroll_text		CODE           	3E22	0000	45
		_pixel_on      		CODE           	3E4E	0000	35
		_scroll_left   		CODE           	37FA	0000	87
		_scroll_text   		CODE           	2FC6	0000	105
		_pixel_off     		CODE           	3F22	0000	41

display.c estimated size: 1660

C:\Program Files (x86)\Microchip\xc8\v1.44\sources\common\isdigit.c
		_isdigit       		CODE           	4180	0000	29

C:\Program Files (x86)\Microchip\xc8\v1.44\sources\common\isdigit.c estimated size: 29

C:\Program Files (x86)\Microchip\xc8\v1.44\sources\common\Umul32.c
		___lmul        		CODE           	3986	0000	77

C:\Program Files (x86)\Microchip\xc8\v1.44\sources\common\Umul32.c estimated size: 77

common.c
		_set_font      		CODE           	3A1E	0000	77
		_set_font_set  		CODE           	26F4	0000	233
		_GetTime       		CODE           	3D9E	0000	45
		_default_state 		CODE           	4326	0000	7
		_adj_brig      		CODE           	3850	0000	83
		_radio_temp    		CODE           	2294	0000	257
		_set_type_clk  		CODE           	27F0	0000	229
		_time_set_dt   		CODE           	24D4	0000	245
		_time_set_hr   		CODE           	1BC4	0000	369
		_time_set_mt   		CODE           	148C	0000	517
		_time_set_dy   		CODE           	1A18	0000	419
		_time_set_yr   		CODE           	25EE	0000	245
		_time_set_min  		CODE           	1868	0000	405
		_pressure      		CODE           	1ED8	0000	291
		_brg_set       		CODE           	2164	0000	251
		_home_temp     		CODE           	29D2	0000	191
		_read_adc      		CODE           	3D70	0000	47
		_pre_ref_dis   		CODE           	1D64	0000	295
		_INT0_ISR      		CODE           	4094	0000	35
		_usart_r       		CODE           	3480	0000	113
		_set_brg_manual		CODE           	23B6	0000	221
		_TMR1_ISR      		CODE           	423A	0000	21
		_time_led      		CODE           	1214	0000	503

common.c estimated size: 5099

init.c
		_Port_Init     		CODE           	3AB4	0000	63
		_Interrupt_Init		CODE           	4320	0000	7
		_SYSTEM_Initialize		CODE           	30EA	0000	137

init.c estimated size: 207

main.c
		_main          		CODE           	38A2	0000	77

main.c estimated size: 77

C:\Program Files (x86)\Microchip\xc8\v1.44\sources\common\printf.c
		_printf        		CODE           	3FE0	0000	37

C:\Program Files (x86)\Microchip\xc8\v1.44\sources\common\printf.c estimated size: 37

C:\Program Files (x86)\Microchip\xc8\v1.44\sources\common\sprintf.c
		_sprintf       		CODE           	3CE4	0000	49

C:\Program Files (x86)\Microchip\xc8\v1.44\sources\common\sprintf.c estimated size: 49

C:\Program Files (x86)\Microchip\xc8\v1.44\sources\common\float.c
		___ftpack      		CODE           	3204	0000	115

C:\Program Files (x86)\Microchip\xc8\v1.44\sources\common\float.c estimated size: 115

sound.c
		_TMR3_ISR      		CODE           	40F2	0000	31
		_sound_init    		CODE           	431A	0000	7

sound.c estimated size: 38

